
============================================================
BCa B=10000: chapman -> cpsc
============================================================
[chapman] 子空间降级: 保留19785条 (子空间('CD', 'MI', 'NORM', 'STTC'))，剔除458条 (分布{'HYP': 458})
[chapman] 患者级四分割: train(11869p/11869r) val(1979p/1979r) cal(1979p/1979r) test(3958p/3958r)
[chapman] 标签分布(test): {'STTC': 2820, 'NORM': 953, 'CD': 163, 'MI': 22}
Loaded checkpoint checkpoints\transfer\chapman_cpsc\inceptiontime\seed42\best_model.pt (epoch 5, val_ece=0.0106, d_model=64, n_layers=2)
[cpsc] 子空间降级: 保留10285条 (子空间('CD', 'MI', 'NORM', 'STTC'))，剔除11条 (分布{'HYP': 11})
[cpsc] 患者级四分割: train(6172p/6172r) val(1029p/1029r) cal(1027p/1027r) test(2057p/2057r)
[cpsc] 标签分布(test): {'STTC': 1086, 'CD': 485, 'MI': 303, 'NORM': 183}
  [ts] OOD bootstrap推断中... (B=10000, method=bca, metric=gpu)
  [ts] ID bootstrap推断中...
[ts       ] ID ΔECE=+0.0075 [+0.0022,+0.0111] | OOD ΔECE=+0.0139 [+0.0135,+0.0143] | decay=+0.0064

Saved to checkpoints\transfer\chapman_cpsc\inceptiontime\seed42\transfer_result.json
[chapman] 子空间降级: 保留19785条 (子空间('CD', 'MI', 'NORM', 'STTC'))，剔除458条 (分布{'HYP': 458})
[chapman] 患者级四分割: train(11869p/11869r) val(1979p/1979r) cal(1979p/1979r) test(3958p/3958r)
[chapman] 标签分布(test): {'STTC': 2820, 'NORM': 953, 'CD': 163, 'MI': 22}
Loaded checkpoint checkpoints\transfer\chapman_cpsc\inceptiontime\seed43\best_model.pt (epoch 3, val_ece=0.0188, d_model=64, n_layers=2)
[cpsc] 子空间降级: 保留10285条 (子空间('CD', 'MI', 'NORM', 'STTC'))，剔除11条 (分布{'HYP': 11})
[cpsc] 患者级四分割: train(6172p/6172r) val(1029p/1029r) cal(1027p/1027r) test(2057p/2057r)
[cpsc] 标签分布(test): {'STTC': 1086, 'CD': 485, 'MI': 303, 'NORM': 183}
  [ts] OOD bootstrap推断中... (B=10000, method=bca, metric=gpu)
  [ts] ID bootstrap推断中...
[ts       ] ID ΔECE=+0.0012 [-0.0016,+0.0039] | OOD ΔECE=+0.0101 [+0.0099,+0.0103] | decay=+0.0089

Saved to checkpoints\transfer\chapman_cpsc\inceptiontime\seed43\transfer_result.json

============================================================
S1 跨库主终点汇总 (ID→OOD ΔECE 衰减)
============================================================
  ts        decay均值=+0.0077 sd=0.0012 (n=2 seed)
Aggregate -> checkpoints\transfer\chapman_cpsc\inceptiontime\aggregate.json

[ret=0] chapman->cpsc 完成

============================================================
BCa B=10000: cpsc -> ptbxl
============================================================
[cpsc] 子空间降级: 保留10285条 (子空间('CD', 'MI', 'NORM', 'STTC'))，剔除11条 (分布{'HYP': 11})
[cpsc] 患者级四分割: train(6172p/6172r) val(1029p/1029r) cal(1027p/1027r) test(2057p/2057r)
[cpsc] 标签分布(test): {'STTC': 1086, 'CD': 485, 'MI': 303, 'NORM': 183}
Loaded checkpoint checkpoints\transfer\cpsc_ptbxl\inceptiontime\seed42\best_model.pt (epoch 7, val_ece=0.0177, d_model=64, n_layers=2)
[ptbxl] 子空间降级: 保留21048条 (子空间('CD', 'MI', 'NORM', 'STTC'))，剔除474条 (分布{'HYP': 474})
[ptbxl] 患者级四分割: train(12724p/16829r) val(1818p/2103r) cal(1873p/2099r) test(1839p/2120r)
[ptbxl] 标签分布(test): {'NORM': 866, 'MI': 550, 'STTC': 479, 'CD': 225}
  [ts] OOD bootstrap推断中... (B=10000, method=bca, metric=gpu)
  [ts] ID bootstrap推断中...
[ts       ] ID ΔECE=+0.0029 [+0.0003,+0.0051] | OOD ΔECE=+0.0068 [+0.0066,+0.0069] | decay=+0.0038

Saved to checkpoints\transfer\cpsc_ptbxl\inceptiontime\seed42\transfer_result.json
[cpsc] 子空间降级: 保留10285条 (子空间('CD', 'MI', 'NORM', 'STTC'))，剔除11条 (分布{'HYP': 11})
[cpsc] 患者级四分割: train(6172p/6172r) val(1029p/1029r) cal(1027p/1027r) test(2057p/2057r)
[cpsc] 标签分布(test): {'STTC': 1086, 'CD': 485, 'MI': 303, 'NORM': 183}
Loaded checkpoint checkpoints\transfer\cpsc_ptbxl\inceptiontime\seed43\best_model.pt (epoch 12, val_ece=0.0203, d_model=64, n_layers=2)
[ptbxl] 子空间降级: 保留21048条 (子空间('CD', 'MI', 'NORM', 'STTC'))，剔除474条 (分布{'HYP': 474})
[ptbxl] 患者级四分割: train(12724p/16829r) val(1818p/2073r) cal(1873p/2099r) test(1839p/2120r)
[ptbxl] 标签分布(test): {'NORM': 866, 'MI': 550, 'STTC': 479, 'CD': 225}
  [ts] OOD bootstrap推断中... (B=10000, method=bca, metric=gpu)
