[chapman] 患者级四分割: train(12143p/12143r) val(2025p/2025r) cal(2025p/2025r) test(4050p/4050r)
[chapman] 标签分布(test): {'STTC': 2820, 'NORM': 953, 'CD': 163, 'HYP': 92, 'MI': 22}
Epoch 1/50 | train_loss=0.6189 train_acc=78.31% | val_loss=0.5231 val_acc=82.37% ECE=0.0140
Epoch 2/50 | train_loss=0.4785 train_acc=83.80% | val_loss=0.4120 val_acc=86.32% ECE=0.0212
Epoch 3/50 | train_loss=0.4197 train_acc=86.01% | val_loss=0.3975 val_acc=87.41% ECE=0.0197
Epoch 4/50 | train_loss=0.3917 train_acc=87.02% | val_loss=0.3785 val_acc=87.51% ECE=0.0231
Epoch 5/50 | train_loss=0.3833 train_acc=87.30% | val_loss=0.3949 val_acc=87.16% ECE=0.0326
Epoch 6/50 | train_loss=0.3687 train_acc=87.73% | val_loss=0.3878 val_acc=87.80% ECE=0.0314
Epoch 7/50 | train_loss=0.3583 train_acc=88.32% | val_loss=0.3756 val_acc=86.57% ECE=0.0227
Epoch 8/50 | train_loss=0.3502 train_acc=88.30% | val_loss=0.3582 val_acc=88.15% ECE=0.0267
Epoch 9/50 | train_loss=0.3443 train_acc=88.47% | val_loss=0.3546 val_acc=88.59% ECE=0.0180
Epoch 10/50 | train_loss=0.3371 train_acc=88.80% | val_loss=0.3766 val_acc=88.25% ECE=0.0328
Epoch 11/50 | train_loss=0.3340 train_acc=89.01% | val_loss=0.3393 val_acc=89.14% ECE=0.0189
Early stopping at epoch 11
[ptbxl] 患者级四分割: train(13006p/17192r) val(1859p/2188r) cal(1921p/2158r) test(1885p/2172r)
[ptbxl] 标签分布(test): {'NORM': 866, 'MI': 550, 'STTC': 479, 'CD': 225, 'HYP': 52}
  [ts] OOD bootstrap推断中... (B=10000, method=percentile, metric=gpu)
  [ts] ID bootstrap推断中...
[ts       ] ID ΔECE=-0.0010 [-0.0020,+0.0005] | OOD ΔECE=-0.0036 [-0.0036,-0.0035] | decay=-0.0025
  [platt] OOD bootstrap推断中... (B=10000, method=percentile, metric=gpu)
  [platt] ID bootstrap推断中...
[platt    ] ID ΔECE=+0.0058 [-0.0041,+0.0119] | OOD ΔECE=+0.0071 [+0.0013,+0.0096] | decay=+0.0012
  [isotonic] OOD bootstrap推断中... (B=10000, method=percentile, metric=gpu)
  [isotonic] ID bootstrap推断中...
[isotonic ] ID ΔECE=+0.0009 [-0.0066,+0.0080] | OOD ΔECE=-0.0041 [-0.0079,-0.0003] | decay=-0.0050
  [vector] OOD bootstrap推断中... (B=10000, method=percentile, metric=gpu)
  [vector] ID bootstrap推断中...
[vector   ] ID ΔECE=+0.0015 [-0.0043,+0.0071] | OOD ΔECE=-0.0026 [-0.0069,+0.0007] | decay=-0.0041
D:\A1\ecg-lab-v2\src\utils\calibration_methods.py:171: UserWarning: fit_matrix_scaling: 优化未收敛(status=1)，返回None
  warnings.warn(f"fit_matrix_scaling: 优化未收敛(status={res.status})，返回None")
  [matrix] OOD bootstrap推断中... (B=10000, method=percentile, metric=gpu)
  [matrix] ID bootstrap推断中...
[matrix   ] ID ΔECE=+0.0000 [+0.0000,+0.0000] | OOD ΔECE=+0.0000 [+0.0000,+0.0000] | decay=+0.0000
  [dirichlet] OOD bootstrap推断中... (B=10000, method=percentile, metric=gpu)
  [dirichlet] ID bootstrap推断中...
[dirichlet] ID ΔECE=+0.0010 [-0.0046,+0.0065] | OOD ΔECE=-0.0050 [-0.0128,-0.0004] | decay=-0.0060
  [em_prior] π̂_target=[0.    0.153 0.214 0.    0.633] (π_train=[0.236 0.005 0.696 0.04  0.023])
  [em_prior] w=π̂/π_train=[ 0.   28.25  0.31  0.   27.86]
D:\A1\ecg-lab-v2\src\utils\prior_shift.py:184: UserWarning: fit_em: 1000次迭代未收敛(tol=1e-08)
  warnings.warn(f"fit_em: {max_iter}次迭代未收敛(tol={tol})")
  [em_prior] [sanity] π̂_ID=[0.32  0.165 0.515 0.    0.   ] w_ID=[1.36e+00 3.04e+01 7.40e-01 0.00e+00 1.00e-02] (≈1 if no shift)
  [em_prior] OOD bootstrap推断中... (B=10000, method=percentile, metric=gpu)
  [em_prior] ID bootstrap推断中...
[em_prior ] ID ΔECE=+0.1038 [+0.0817,+0.1245] | OOD ΔECE=+0.0189 [+0.0036,+0.0344] | decay=-0.0849
  [bbse_prior] π̂_target=[0.    0.059 0.352 0.589 0.   ] (π_train=[0.236 0.005 0.696 0.04  0.023])
  [bbse_prior] w=π̂/π_train=[ 0.   10.77  0.51 14.73  0.  ]
  [bbse_prior] cond(C)=2934.8 rank=5/5
  [bbse_prior] [sanity] π̂_ID=[0.15  0.    0.694 0.156 0.   ] w_ID=[0.64 0.   1.   3.89 0.  ] (≈1 if no shift)
  [bbse_prior] OOD bootstrap推断中... (B=10000, method=percentile, metric=gpu)
  [bbse_prior] ID bootstrap推断中...
[bbse_prior] ID ΔECE=+0.0688 [+0.0557,+0.0803] | OOD ΔECE=-0.0145 [-0.0271,-0.0023] | decay=-0.0832

Saved to checkpoints\transfer\chapman_ptbxl\resnet1d\seed45\transfer_result.json

============================================================
S1 跨库主终点汇总 (ID→OOD ΔECE 衰减)
============================================================
  ts        decay均值=-0.0025 sd=0.0000 (n=1 seed)
  platt     decay均值=+0.0012 sd=0.0000 (n=1 seed)
  isotonic  decay均值=-0.0050 sd=0.0000 (n=1 seed)
  vector    decay均值=-0.0041 sd=0.0000 (n=1 seed)
  matrix    decay均值=+0.0000 sd=0.0000 (n=1 seed)
  dirichlet decay均值=-0.0060 sd=0.0000 (n=1 seed)
  em_prior  decay均值=-0.0849 sd=0.0000 (n=1 seed)
  bbse_prior decay均值=-0.0832 sd=0.0000 (n=1 seed)
Aggregate -> checkpoints\transfer\chapman_ptbxl\resnet1d\aggregate.json
