[chapman] 患者级四分割: train(12143p/12143r) val(2025p/2025r) cal(2025p/2025r) test(4050p/4050r)
[chapman] 标签分布(test): {'STTC': 2820, 'NORM': 953, 'CD': 163, 'HYP': 92, 'MI': 22}
Epoch 1/50 | train_loss=0.6359 train_acc=77.56% | val_loss=0.7421 val_acc=76.20% ECE=0.1309
Epoch 2/50 | train_loss=0.5516 train_acc=81.32% | val_loss=0.5321 val_acc=83.16% ECE=0.0609
Epoch 3/50 | train_loss=0.5364 train_acc=81.58% | val_loss=0.5253 val_acc=81.68% ECE=0.0383
Epoch 4/50 | train_loss=0.5280 train_acc=81.75% | val_loss=0.4857 val_acc=83.26% ECE=0.0201
Epoch 5/50 | train_loss=0.5084 train_acc=82.60% | val_loss=0.4849 val_acc=83.56% ECE=0.0307
Epoch 6/50 | train_loss=0.4961 train_acc=82.98% | val_loss=0.4787 val_acc=83.41% ECE=0.0287
Epoch 7/50 | train_loss=0.4887 train_acc=83.27% | val_loss=0.5173 val_acc=80.89% ECE=0.0336
Epoch 8/50 | train_loss=0.4806 train_acc=83.93% | val_loss=0.4568 val_acc=84.49% ECE=0.0205
Epoch 9/50 | train_loss=0.4696 train_acc=84.05% | val_loss=0.4502 val_acc=84.89% ECE=0.0204
Epoch 10/50 | train_loss=0.4635 train_acc=84.38% | val_loss=0.4451 val_acc=84.35% ECE=0.0190
Epoch 11/50 | train_loss=0.4618 train_acc=84.25% | val_loss=0.4362 val_acc=84.30% ECE=0.0139
Epoch 12/50 | train_loss=0.4564 train_acc=84.65% | val_loss=0.4794 val_acc=83.06% ECE=0.0363
Epoch 13/50 | train_loss=0.4483 train_acc=84.80% | val_loss=0.5024 val_acc=81.68% ECE=0.0494
Epoch 14/50 | train_loss=0.4459 train_acc=85.05% | val_loss=0.4488 val_acc=85.23% ECE=0.0369
Epoch 15/50 | train_loss=0.4403 train_acc=84.96% | val_loss=0.4403 val_acc=85.14% ECE=0.0326
Epoch 16/50 | train_loss=0.4351 train_acc=85.22% | val_loss=0.4369 val_acc=85.09% ECE=0.0270
Epoch 17/50 | train_loss=0.4329 train_acc=85.36% | val_loss=0.4207 val_acc=85.53% ECE=0.0273
Epoch 18/50 | train_loss=0.4255 train_acc=85.36% | val_loss=0.4172 val_acc=85.78% ECE=0.0207
Epoch 19/50 | train_loss=0.4153 train_acc=85.71% | val_loss=0.4165 val_acc=85.43% ECE=0.0332
Epoch 20/50 | train_loss=0.4096 train_acc=86.01% | val_loss=0.4607 val_acc=83.36% ECE=0.0458
Epoch 21/50 | train_loss=0.3929 train_acc=86.41% | val_loss=0.3832 val_acc=85.83% ECE=0.0197
Early stopping at epoch 21
[ptbxl] 患者级四分割: train(13006p/17192r) val(1859p/2162r) cal(1921p/2158r) test(1885p/2172r)
[ptbxl] 标签分布(test): {'NORM': 866, 'MI': 550, 'STTC': 479, 'CD': 225, 'HYP': 52}
  [ts] OOD bootstrap推断中... (B=10000, method=percentile, metric=gpu)
  [ts] ID bootstrap推断中...
[ts       ] ID ΔECE=+0.0055 [-0.0010,+0.0077] | OOD ΔECE=+0.0136 [+0.0107,+0.0152] | decay=+0.0081
  [platt] OOD bootstrap推断中... (B=10000, method=percentile, metric=gpu)
  [platt] ID bootstrap推断中...
[platt    ] ID ΔECE=+0.0072 [+0.0020,+0.0100] | OOD ΔECE=+0.0225 [+0.0151,+0.0288] | decay=+0.0152
  [isotonic] OOD bootstrap推断中... (B=10000, method=percentile, metric=gpu)
  [isotonic] ID bootstrap推断中...
[isotonic ] ID ΔECE=+0.0059 [+0.0006,+0.0084] | OOD ΔECE=+0.0135 [+0.0070,+0.0199] | decay=+0.0076
  [vector] OOD bootstrap推断中... (B=10000, method=percentile, metric=gpu)
  [vector] ID bootstrap推断中...
[vector   ] ID ΔECE=+0.0071 [+0.0011,+0.0107] | OOD ΔECE=+0.0206 [+0.0131,+0.0277] | decay=+0.0135
D:\A1\ecg-lab-v2\src\utils\calibration_methods.py:171: UserWarning: fit_matrix_scaling: 优化未收敛(status=1)，返回None
  warnings.warn(f"fit_matrix_scaling: 优化未收敛(status={res.status})，返回None")
  [matrix] OOD bootstrap推断中... (B=10000, method=percentile, metric=gpu)
  [matrix] ID bootstrap推断中...
[matrix   ] ID ΔECE=+0.0000 [+0.0000,+0.0000] | OOD ΔECE=+0.0000 [+0.0000,+0.0000] | decay=+0.0000
  [dirichlet] OOD bootstrap推断中... (B=10000, method=percentile, metric=gpu)
  [dirichlet] ID bootstrap推断中...
[dirichlet] ID ΔECE=+0.0105 [+0.0035,+0.0154] | OOD ΔECE=+0.0137 [+0.0048,+0.0222] | decay=+0.0031
  [em_prior] π̂_target=[0.    0.049 0.134 0.817 0.   ] (π_train=[0.236 0.005 0.696 0.04  0.023])
  [em_prior] w=π̂/π_train=[ 0.    8.97  0.19 20.43  0.  ]
  [em_prior] [sanity] π̂_ID=[0.084 0.    0.641 0.275 0.   ] w_ID=[0.36 0.   0.92 6.87 0.  ] (≈1 if no shift)
  [em_prior] OOD bootstrap推断中... (B=10000, method=percentile, metric=gpu)
  [em_prior] ID bootstrap推断中...
[em_prior ] ID ΔECE=+0.0546 [+0.0380,+0.0709] | OOD ΔECE=-0.0956 [-0.1112,-0.0794] | decay=-0.1501
  [bbse_prior] π̂_target=[0.299 0.126 0.295 0.114 0.165] (π_train=[0.236 0.005 0.696 0.04  0.023])
  [bbse_prior] w=π̂/π_train=[ 1.27 23.26  0.42  2.86  7.25]
  [bbse_prior] cond(C)=188.9 rank=5/5
  [bbse_prior] [sanity] π̂_ID=[0.273 0.    0.698 0.029 0.   ] w_ID=[1.16 0.   1.   0.73 0.  ] (≈1 if no shift)
  [bbse_prior] OOD bootstrap推断中... (B=10000, method=percentile, metric=gpu)
  [bbse_prior] ID bootstrap推断中...
[bbse_prior] ID ΔECE=-0.0712 [-0.0918,-0.0495] | OOD ΔECE=+0.1847 [+0.1584,+0.2086] | decay=+0.2558

Saved to checkpoints\transfer\chapman_ptbxl\inceptiontime\seed44\transfer_result.json

============================================================
S1 跨库主终点汇总 (ID→OOD ΔECE 衰减)
============================================================
  ts        decay均值=+0.0081 sd=0.0000 (n=1 seed)
  platt     decay均值=+0.0152 sd=0.0000 (n=1 seed)
  isotonic  decay均值=+0.0076 sd=0.0000 (n=1 seed)
  vector    decay均值=+0.0135 sd=0.0000 (n=1 seed)
  matrix    decay均值=+0.0000 sd=0.0000 (n=1 seed)
  dirichlet decay均值=+0.0031 sd=0.0000 (n=1 seed)
  em_prior  decay均值=-0.1501 sd=0.0000 (n=1 seed)
  bbse_prior decay均值=+0.2558 sd=0.0000 (n=1 seed)
Aggregate -> checkpoints\transfer\chapman_ptbxl\inceptiontime\aggregate.json
