[chapman] 患者级四分割: train(12143p/12143r) val(2025p/2025r) cal(2025p/2025r) test(4050p/4050r)
[chapman] 标签分布(test): {'STTC': 2820, 'NORM': 953, 'CD': 163, 'HYP': 92, 'MI': 22}
Epoch 1/50 | train_loss=0.6367 train_acc=77.21% | val_loss=0.5608 val_acc=80.44% ECE=0.0223
Epoch 2/50 | train_loss=0.5623 train_acc=80.62% | val_loss=0.5138 val_acc=82.77% ECE=0.0293
Epoch 3/50 | train_loss=0.5412 train_acc=81.48% | val_loss=0.5351 val_acc=82.72% ECE=0.0464
Epoch 4/50 | train_loss=0.5184 train_acc=82.31% | val_loss=0.5013 val_acc=82.32% ECE=0.0316
Epoch 5/50 | train_loss=0.5002 train_acc=82.64% | val_loss=0.4841 val_acc=83.56% ECE=0.0169
Epoch 6/50 | train_loss=0.4771 train_acc=83.39% | val_loss=0.4521 val_acc=83.90% ECE=0.0385
Epoch 7/50 | train_loss=0.4508 train_acc=84.44% | val_loss=0.4117 val_acc=84.69% ECE=0.0255
Epoch 8/50 | train_loss=0.4334 train_acc=85.01% | val_loss=0.4007 val_acc=85.88% ECE=0.0229
Epoch 9/50 | train_loss=0.4208 train_acc=85.18% | val_loss=0.4099 val_acc=85.28% ECE=0.0335
Epoch 10/50 | train_loss=0.4143 train_acc=85.74% | val_loss=0.4165 val_acc=85.78% ECE=0.0147
Epoch 11/50 | train_loss=0.4127 train_acc=85.66% | val_loss=0.3874 val_acc=87.21% ECE=0.0184
Epoch 12/50 | train_loss=0.4019 train_acc=86.11% | val_loss=0.4150 val_acc=85.19% ECE=0.0418
Epoch 13/50 | train_loss=0.3950 train_acc=85.93% | val_loss=0.3937 val_acc=86.47% ECE=0.0363
Epoch 14/50 | train_loss=0.3936 train_acc=86.41% | val_loss=0.3677 val_acc=86.96% ECE=0.0173
Epoch 15/50 | train_loss=0.3812 train_acc=86.25% | val_loss=0.3806 val_acc=85.98% ECE=0.0206
Epoch 16/50 | train_loss=0.3845 train_acc=86.60% | val_loss=0.3645 val_acc=87.26% ECE=0.0169
Epoch 17/50 | train_loss=0.3771 train_acc=86.67% | val_loss=0.3955 val_acc=87.06% ECE=0.0474
Epoch 18/50 | train_loss=0.3737 train_acc=86.71% | val_loss=0.3772 val_acc=86.77% ECE=0.0382
Epoch 19/50 | train_loss=0.3668 train_acc=87.07% | val_loss=0.3591 val_acc=88.05% ECE=0.0224
Epoch 20/50 | train_loss=0.3686 train_acc=87.10% | val_loss=0.3606 val_acc=87.06% ECE=0.0268
Early stopping at epoch 20
[ptbxl] 患者级四分割: train(13006p/17192r) val(1859p/2175r) cal(1921p/2158r) test(1885p/2172r)
[ptbxl] 标签分布(test): {'NORM': 866, 'MI': 550, 'STTC': 479, 'CD': 225, 'HYP': 52}
  [ts] OOD bootstrap推断中... (B=10000, method=percentile, metric=gpu)
  [ts] ID bootstrap推断中...
[ts       ] ID ΔECE=+0.0048 [-0.0068,+0.0097] | OOD ΔECE=+0.0162 [+0.0142,+0.0177] | decay=+0.0114
  [platt] OOD bootstrap推断中... (B=10000, method=percentile, metric=gpu)
  [platt] ID bootstrap推断中...
[platt    ] ID ΔECE=+0.0046 [-0.0023,+0.0147] | OOD ΔECE=+0.0162 [+0.0107,+0.0218] | decay=+0.0115
  [isotonic] OOD bootstrap推断中... (B=10000, method=percentile, metric=gpu)
  [isotonic] ID bootstrap推断中...
[isotonic ] ID ΔECE=+0.0041 [-0.0003,+0.0089] | OOD ΔECE=+0.0079 [+0.0016,+0.0132] | decay=+0.0038
  [vector] OOD bootstrap推断中... (B=10000, method=percentile, metric=gpu)
  [vector] ID bootstrap推断中...
[vector   ] ID ΔECE=+0.0068 [+0.0013,+0.0114] | OOD ΔECE=-0.0007 [-0.0065,+0.0061] | decay=-0.0075
  [matrix] OOD bootstrap推断中... (B=10000, method=percentile, metric=gpu)
  [matrix] ID bootstrap推断中...
[matrix   ] ID ΔECE=+0.0045 [-0.0015,+0.0102] | OOD ΔECE=-0.0166 [-0.0206,-0.0114] | decay=-0.0211
  [dirichlet] OOD bootstrap推断中... (B=10000, method=percentile, metric=gpu)
  [dirichlet] ID bootstrap推断中...
[dirichlet] ID ΔECE=+0.0045 [-0.0017,+0.0103] | OOD ΔECE=-0.0167 [-0.0209,-0.0112] | decay=-0.0211
  [em_prior] π̂_target=[0.171 0.    0.306 0.362 0.161] (π_train=[0.236 0.005 0.696 0.04  0.023])
  [em_prior] w=π̂/π_train=[0.73 0.   0.44 9.05 7.09]
  [em_prior] [sanity] π̂_ID=[0.153 0.    0.62  0.227 0.   ] w_ID=[0.65 0.   0.89 5.68 0.  ] (≈1 if no shift)
  [em_prior] OOD bootstrap推断中... (B=10000, method=percentile, metric=gpu)
  [em_prior] ID bootstrap推断中...
[em_prior ] ID ΔECE=+0.0941 [+0.0830,+0.1036] | OOD ΔECE=+0.1567 [+0.1465,+0.1661] | decay=+0.0626
  [bbse_prior] π̂_target=[0.322 0.057 0.433 0.    0.187] (π_train=[0.236 0.005 0.696 0.04  0.023])
  [bbse_prior] w=π̂/π_train=[ 1.37 10.49  0.62  0.    8.25]
  [bbse_prior] cond(C)=78.9 rank=5/5
  [bbse_prior] [sanity] π̂_ID=[0.217 0.004 0.704 0.046 0.029] w_ID=[0.92 0.8  1.01 1.14 1.26] (≈1 if no shift)
  [bbse_prior] OOD bootstrap推断中... (B=10000, method=percentile, metric=gpu)
  [bbse_prior] ID bootstrap推断中...
[bbse_prior] ID ΔECE=+0.0169 [+0.0022,+0.0289] | OOD ΔECE=+0.0708 [+0.0645,+0.0767] | decay=+0.0539

Saved to checkpoints\transfer\chapman_ptbxl\inceptiontime\seed46\transfer_result.json

============================================================
S1 跨库主终点汇总 (ID→OOD ΔECE 衰减)
============================================================
  ts        decay均值=+0.0114 sd=0.0000 (n=1 seed)
  platt     decay均值=+0.0115 sd=0.0000 (n=1 seed)
  isotonic  decay均值=+0.0038 sd=0.0000 (n=1 seed)
  vector    decay均值=-0.0075 sd=0.0000 (n=1 seed)
  matrix    decay均值=-0.0211 sd=0.0000 (n=1 seed)
  dirichlet decay均值=-0.0211 sd=0.0000 (n=1 seed)
  em_prior  decay均值=+0.0626 sd=0.0000 (n=1 seed)
  bbse_prior decay均值=+0.0539 sd=0.0000 (n=1 seed)
Aggregate -> checkpoints\transfer\chapman_ptbxl\inceptiontime\aggregate.json
