[cpsc] 子空间降级: 保留10285条 (子空间('CD', 'MI', 'NORM', 'STTC'))，剔除11条 (分布{'HYP': 11})
[cpsc] 患者级四分割: train(6172p/6172r) val(1029p/1029r) cal(1027p/1027r) test(2057p/2057r)
[cpsc] 标签分布(test): {'STTC': 1086, 'CD': 485, 'MI': 303, 'NORM': 183}
Epoch 1/50 | train_loss=0.9141 train_acc=62.55% | val_loss=0.7767 val_acc=69.29% ECE=0.0513
Epoch 2/50 | train_loss=0.7584 train_acc=70.10% | val_loss=0.7110 val_acc=70.26% ECE=0.0562
Epoch 3/50 | train_loss=0.6916 train_acc=72.74% | val_loss=0.6139 val_acc=76.19% ECE=0.0190
Epoch 4/50 | train_loss=0.6617 train_acc=74.27% | val_loss=0.6322 val_acc=76.97% ECE=0.0285
Epoch 5/50 | train_loss=0.6244 train_acc=76.04% | val_loss=0.6442 val_acc=75.41% ECE=0.0492
Epoch 6/50 | train_loss=0.6166 train_acc=76.77% | val_loss=0.5878 val_acc=77.65% ECE=0.0203
Epoch 7/50 | train_loss=0.5969 train_acc=77.11% | val_loss=0.5876 val_acc=77.16% ECE=0.0485
Epoch 8/50 | train_loss=0.5953 train_acc=77.60% | val_loss=0.5579 val_acc=79.40% ECE=0.0272
Epoch 9/50 | train_loss=0.5810 train_acc=77.82% | val_loss=0.5539 val_acc=79.69% ECE=0.0544
Epoch 10/50 | train_loss=0.5583 train_acc=79.07% | val_loss=0.5725 val_acc=77.65% ECE=0.0542
Epoch 11/50 | train_loss=0.5520 train_acc=79.29% | val_loss=0.5568 val_acc=78.62% ECE=0.0399
Epoch 12/50 | train_loss=0.5497 train_acc=79.40% | val_loss=0.5553 val_acc=77.94% ECE=0.0402
Epoch 13/50 | train_loss=0.5289 train_acc=80.57% | val_loss=0.5632 val_acc=79.01% ECE=0.0290
Early stopping at epoch 13
[chapman] 子空间降级: 保留19785条 (子空间('CD', 'MI', 'NORM', 'STTC'))，剔除458条 (分布{'HYP': 458})
[chapman] 患者级四分割: train(11869p/11869r) val(1979p/1979r) cal(1979p/1979r) test(3958p/3958r)
[chapman] 标签分布(test): {'STTC': 2820, 'NORM': 953, 'CD': 163, 'MI': 22}
  [ts] OOD bootstrap推断中... (B=10000, method=percentile, metric=gpu)
  [ts] ID bootstrap推断中...
[ts       ] ID ΔECE=+0.0137 [-0.0003,+0.0202] | OOD ΔECE=+0.0181 [+0.0145,+0.0208] | decay=+0.0043
  [platt] OOD bootstrap推断中... (B=10000, method=percentile, metric=gpu)
  [platt] ID bootstrap推断中...
[platt    ] ID ΔECE=+0.0159 [+0.0018,+0.0208] | OOD ΔECE=+0.0150 [+0.0080,+0.0195] | decay=-0.0009
  [isotonic] OOD bootstrap推断中... (B=10000, method=percentile, metric=gpu)
  [isotonic] ID bootstrap推断中...
[isotonic ] ID ΔECE=+0.0071 [-0.0000,+0.0111] | OOD ΔECE=-0.0130 [-0.0185,-0.0067] | decay=-0.0201
  [vector] OOD bootstrap推断中... (B=10000, method=percentile, metric=gpu)
  [vector] ID bootstrap推断中...
[vector   ] ID ΔECE=+0.0149 [+0.0030,+0.0180] | OOD ΔECE=+0.0100 [+0.0040,+0.0134] | decay=-0.0049
  [matrix] OOD bootstrap推断中... (B=10000, method=percentile, metric=gpu)
  [matrix] ID bootstrap推断中...
[matrix   ] ID ΔECE=+0.0158 [+0.0016,+0.0216] | OOD ΔECE=+0.0073 [+0.0018,+0.0120] | decay=-0.0085
  [dirichlet] OOD bootstrap推断中... (B=10000, method=percentile, metric=gpu)
  [dirichlet] ID bootstrap推断中...
[dirichlet] ID ΔECE=+0.0155 [+0.0011,+0.0213] | OOD ΔECE=+0.0075 [+0.0018,+0.0121] | decay=-0.0080
  [em_prior] π̂_target=[0.083 0.041 0.864 0.012] (π_train=[0.089 0.236 0.529 0.147])
  [em_prior] w=π̂/π_train=[0.93 0.17 1.63 0.08]
  [em_prior] [sanity] π̂_ID=[0.154 0.237 0.49  0.119] w_ID=[1.74 1.01 0.93 0.81] (≈1 if no shift)
  [em_prior] OOD bootstrap推断中... (B=10000, method=percentile, metric=gpu)
  [em_prior] ID bootstrap推断中...
[em_prior ] ID ΔECE=-0.0461 [-0.0560,-0.0354] | OOD ΔECE=-0.0653 [-0.0797,-0.0501] | decay=-0.0191
  [bbse_prior] π̂_target=[0.03  0.054 0.876 0.04 ] (π_train=[0.089 0.236 0.529 0.147])
  [bbse_prior] w=π̂/π_train=[0.34 0.23 1.66 0.27]
  [bbse_prior] cond(C)=4.4 rank=4/4
  [bbse_prior] [sanity] π̂_ID=[0.098 0.224 0.513 0.165] w_ID=[1.11 0.95 0.97 1.12] (≈1 if no shift)
  [bbse_prior] OOD bootstrap推断中... (B=10000, method=percentile, metric=gpu)
  [bbse_prior] ID bootstrap推断中...
[bbse_prior] ID ΔECE=-0.0394 [-0.0494,-0.0292] | OOD ΔECE=-0.0903 [-0.0992,-0.0799] | decay=-0.0509

Saved to checkpoints\transfer\cpsc_chapman\resnet1d\seed45\transfer_result.json

============================================================
S1 跨库主终点汇总 (ID→OOD ΔECE 衰减)
============================================================
  ts        decay均值=+0.0043 sd=0.0000 (n=1 seed)
  platt     decay均值=-0.0009 sd=0.0000 (n=1 seed)
  isotonic  decay均值=-0.0201 sd=0.0000 (n=1 seed)
  vector    decay均值=-0.0049 sd=0.0000 (n=1 seed)
  matrix    decay均值=-0.0085 sd=0.0000 (n=1 seed)
  dirichlet decay均值=-0.0080 sd=0.0000 (n=1 seed)
  em_prior  decay均值=-0.0191 sd=0.0000 (n=1 seed)
  bbse_prior decay均值=-0.0509 sd=0.0000 (n=1 seed)
Aggregate -> checkpoints\transfer\cpsc_chapman\resnet1d\aggregate.json
