[chapman] 患者级四分割: train(12143p/12143r) val(2025p/2025r) cal(2025p/2025r) test(4050p/4050r)
[chapman] 标签分布(test): {'STTC': 2820, 'NORM': 953, 'CD': 163, 'HYP': 92, 'MI': 22}
Epoch 1/50 | train_loss=0.5879 train_acc=79.97% | val_loss=0.4502 val_acc=83.60% ECE=0.0422
Epoch 2/50 | train_loss=0.4599 train_acc=84.92% | val_loss=0.4507 val_acc=84.79% ECE=0.0222
Epoch 3/50 | train_loss=0.4361 train_acc=85.41% | val_loss=0.5278 val_acc=82.17% ECE=0.0662
Epoch 4/50 | train_loss=0.4177 train_acc=86.02% | val_loss=0.3816 val_acc=86.77% ECE=0.0111
Epoch 5/50 | train_loss=0.4039 train_acc=86.48% | val_loss=0.3615 val_acc=88.15% ECE=0.0329
Epoch 6/50 | train_loss=0.3853 train_acc=87.02% | val_loss=0.3428 val_acc=88.15% ECE=0.0159
Epoch 7/50 | train_loss=0.3802 train_acc=87.27% | val_loss=0.3500 val_acc=87.85% ECE=0.0278
Epoch 8/50 | train_loss=0.3671 train_acc=87.34% | val_loss=0.3604 val_acc=87.36% ECE=0.0166
Epoch 9/50 | train_loss=0.3610 train_acc=87.81% | val_loss=0.3478 val_acc=88.30% ECE=0.0159
Epoch 10/50 | train_loss=0.3498 train_acc=88.16% | val_loss=0.3625 val_acc=87.70% ECE=0.0370
Epoch 11/50 | train_loss=0.3520 train_acc=88.26% | val_loss=0.3484 val_acc=88.49% ECE=0.0169
Epoch 12/50 | train_loss=0.3358 train_acc=88.43% | val_loss=0.3309 val_acc=88.30% ECE=0.0106
Epoch 13/50 | train_loss=0.3334 train_acc=88.62% | val_loss=0.3120 val_acc=89.14% ECE=0.0158
Epoch 14/50 | train_loss=0.3235 train_acc=88.91% | val_loss=0.3567 val_acc=88.64% ECE=0.0408
Epoch 15/50 | train_loss=0.3180 train_acc=89.12% | val_loss=0.3306 val_acc=88.89% ECE=0.0359
Epoch 16/50 | train_loss=0.3143 train_acc=89.13% | val_loss=0.3426 val_acc=88.30% ECE=0.0191
Epoch 17/50 | train_loss=0.3097 train_acc=89.47% | val_loss=0.3402 val_acc=88.30% ECE=0.0270
Epoch 18/50 | train_loss=0.2958 train_acc=89.81% | val_loss=0.3318 val_acc=88.40% ECE=0.0347
Epoch 19/50 | train_loss=0.2913 train_acc=90.02% | val_loss=0.3665 val_acc=88.64% ECE=0.0483
Epoch 20/50 | train_loss=0.2860 train_acc=90.16% | val_loss=0.3164 val_acc=89.43% ECE=0.0247
Epoch 21/50 | train_loss=0.2776 train_acc=90.60% | val_loss=0.3269 val_acc=89.48% ECE=0.0324
Epoch 22/50 | train_loss=0.2686 train_acc=90.86% | val_loss=0.3041 val_acc=89.33% ECE=0.0266
Early stopping at epoch 22
[ptbxl] 患者级四分割: train(13006p/17192r) val(1859p/2175r) cal(1921p/2158r) test(1885p/2172r)
[ptbxl] 标签分布(test): {'NORM': 866, 'MI': 550, 'STTC': 479, 'CD': 225, 'HYP': 52}
  [ts] OOD bootstrap推断中... (B=10000, method=percentile, metric=gpu)
  [ts] ID bootstrap推断中...
[ts       ] ID ΔECE=-0.0042 [-0.0074,+0.0033] | OOD ΔECE=+0.0149 [+0.0139,+0.0154] | decay=+0.0191
  [platt] OOD bootstrap推断中... (B=10000, method=percentile, metric=gpu)
  [platt] ID bootstrap推断中...
[platt    ] ID ΔECE=-0.0001 [-0.0042,+0.0080] | OOD ΔECE=+0.0113 [+0.0087,+0.0140] | decay=+0.0113
  [isotonic] OOD bootstrap推断中... (B=10000, method=percentile, metric=gpu)
  [isotonic] ID bootstrap推断中...
[isotonic ] ID ΔECE=-0.0003 [-0.0039,+0.0042] | OOD ΔECE=-0.0039 [-0.0075,-0.0002] | decay=-0.0036
  [vector] OOD bootstrap推断中... (B=10000, method=percentile, metric=gpu)
  [vector] ID bootstrap推断中...
[vector   ] ID ΔECE=+0.0028 [-0.0015,+0.0100] | OOD ΔECE=+0.0010 [-0.0023,+0.0053] | decay=-0.0018
D:\A1\ecg-lab-v2\src\utils\calibration_methods.py:171: UserWarning: fit_matrix_scaling: 优化未收敛(status=1)，返回None
  warnings.warn(f"fit_matrix_scaling: 优化未收敛(status={res.status})，返回None")
  [matrix] OOD bootstrap推断中... (B=10000, method=percentile, metric=gpu)
  [matrix] ID bootstrap推断中...
[matrix   ] ID ΔECE=+0.0000 [+0.0000,+0.0000] | OOD ΔECE=+0.0000 [+0.0000,+0.0000] | decay=+0.0000
  [dirichlet] OOD bootstrap推断中... (B=10000, method=percentile, metric=gpu)
  [dirichlet] ID bootstrap推断中...
[dirichlet] ID ΔECE=+0.0028 [-0.0016,+0.0090] | OOD ΔECE=-0.0057 [-0.0099,-0.0017] | decay=-0.0086
  [em_prior] π̂_target=[0.405 0.    0.224 0.186 0.185] (π_train=[0.236 0.005 0.696 0.04  0.023])
  [em_prior] w=π̂/π_train=[1.72 0.   0.32 4.66 8.13]
  [em_prior] [sanity] π̂_ID=[0.126 0.    0.649 0.097 0.128] w_ID=[0.54 0.   0.93 2.41 5.64] (≈1 if no shift)
  [em_prior] OOD bootstrap推断中... (B=10000, method=percentile, metric=gpu)
  [em_prior] ID bootstrap推断中...
[em_prior ] ID ΔECE=+0.0726 [+0.0667,+0.0767] | OOD ΔECE=+0.0710 [+0.0633,+0.0787] | decay=-0.0016
  [bbse_prior] π̂_target=[0.624 0.362 0.    0.014 0.   ] (π_train=[0.236 0.005 0.696 0.04  0.023])
  [bbse_prior] w=π̂/π_train=[ 2.65 66.61  0.    0.36  0.  ]
  [bbse_prior] cond(C)=332.4 rank=5/5
  [bbse_prior] [sanity] π̂_ID=[0.232 0.001 0.706 0.042 0.019] w_ID=[0.98 0.19 1.01 1.06 0.82] (≈1 if no shift)
  [bbse_prior] OOD bootstrap推断中... (B=10000, method=percentile, metric=gpu)
  [bbse_prior] ID bootstrap推断中...
[bbse_prior] ID ΔECE=-0.0473 [-0.0534,-0.0407] | OOD ΔECE=-0.1016 [-0.1102,-0.0925] | decay=-0.0543

Saved to checkpoints\transfer\chapman_ptbxl\resnet1d\seed46\transfer_result.json

============================================================
S1 跨库主终点汇总 (ID→OOD ΔECE 衰减)
============================================================
  ts        decay均值=+0.0191 sd=0.0000 (n=1 seed)
  platt     decay均值=+0.0113 sd=0.0000 (n=1 seed)
  isotonic  decay均值=-0.0036 sd=0.0000 (n=1 seed)
  vector    decay均值=-0.0018 sd=0.0000 (n=1 seed)
  matrix    decay均值=+0.0000 sd=0.0000 (n=1 seed)
  dirichlet decay均值=-0.0086 sd=0.0000 (n=1 seed)
  em_prior  decay均值=-0.0016 sd=0.0000 (n=1 seed)
  bbse_prior decay均值=-0.0543 sd=0.0000 (n=1 seed)
Aggregate -> checkpoints\transfer\chapman_ptbxl\resnet1d\aggregate.json
