[chapman] 患者级四分割: train(12143p/12143r) val(2025p/2025r) cal(2025p/2025r) test(4050p/4050r)
[chapman] 标签分布(test): {'STTC': 2820, 'NORM': 953, 'CD': 163, 'HYP': 92, 'MI': 22}
Epoch 1/50 | train_loss=0.6493 train_acc=77.03% | val_loss=0.6223 val_acc=76.40% ECE=0.0796
Epoch 2/50 | train_loss=0.5433 train_acc=81.60% | val_loss=0.5117 val_acc=83.26% ECE=0.0308
Epoch 3/50 | train_loss=0.5082 train_acc=83.09% | val_loss=0.4819 val_acc=84.84% ECE=0.0619
Epoch 4/50 | train_loss=0.4674 train_acc=83.88% | val_loss=0.4829 val_acc=84.30% ECE=0.0120
Epoch 5/50 | train_loss=0.4540 train_acc=84.57% | val_loss=0.4525 val_acc=84.40% ECE=0.0195
Epoch 6/50 | train_loss=0.4382 train_acc=85.26% | val_loss=0.4615 val_acc=85.09% ECE=0.0316
Epoch 7/50 | train_loss=0.4227 train_acc=85.61% | val_loss=0.4263 val_acc=86.07% ECE=0.0281
Epoch 8/50 | train_loss=0.4200 train_acc=85.56% | val_loss=0.4168 val_acc=86.81% ECE=0.0298
Epoch 9/50 | train_loss=0.4140 train_acc=85.91% | val_loss=0.4149 val_acc=86.91% ECE=0.0330
Epoch 10/50 | train_loss=0.4030 train_acc=86.30% | val_loss=0.4135 val_acc=86.32% ECE=0.0253
Epoch 11/50 | train_loss=0.3956 train_acc=86.44% | val_loss=0.4155 val_acc=85.98% ECE=0.0239
Epoch 12/50 | train_loss=0.3978 train_acc=86.36% | val_loss=0.3958 val_acc=86.47% ECE=0.0187
Epoch 13/50 | train_loss=0.3900 train_acc=86.27% | val_loss=0.4148 val_acc=87.41% ECE=0.0431
Epoch 14/50 | train_loss=0.3815 train_acc=86.76% | val_loss=0.4013 val_acc=86.86% ECE=0.0266
Early stopping at epoch 14
[ptbxl] 患者级四分割: train(13006p/17192r) val(1859p/2188r) cal(1921p/2158r) test(1885p/2172r)
[ptbxl] 标签分布(test): {'NORM': 866, 'MI': 550, 'STTC': 479, 'CD': 225, 'HYP': 52}
  [ts] OOD bootstrap推断中... (B=10000, method=percentile, metric=gpu)
  [ts] ID bootstrap推断中...
[ts       ] ID ΔECE=-0.0128 [-0.0166,-0.0028] | OOD ΔECE=+0.0238 [+0.0207,+0.0250] | decay=+0.0366
  [platt] OOD bootstrap推断中... (B=10000, method=percentile, metric=gpu)
  [platt] ID bootstrap推断中...
[platt    ] ID ΔECE=-0.0060 [-0.0091,+0.0012] | OOD ΔECE=+0.0241 [+0.0213,+0.0280] | decay=+0.0301
  [isotonic] OOD bootstrap推断中... (B=10000, method=percentile, metric=gpu)
  [isotonic] ID bootstrap推断中...
[isotonic ] ID ΔECE=-0.0013 [-0.0059,+0.0024] | OOD ΔECE=+0.0092 [+0.0064,+0.0119] | decay=+0.0105
  [vector] OOD bootstrap推断中... (B=10000, method=percentile, metric=gpu)
  [vector] ID bootstrap推断中...
[vector   ] ID ΔECE=+0.0026 [-0.0013,+0.0044] | OOD ΔECE=+0.0001 [-0.0029,+0.0025] | decay=-0.0025
D:\A1\ecg-lab-v2\src\utils\calibration_methods.py:171: UserWarning: fit_matrix_scaling: 优化未收敛(status=1)，返回None
  warnings.warn(f"fit_matrix_scaling: 优化未收敛(status={res.status})，返回None")
  [matrix] OOD bootstrap推断中... (B=10000, method=percentile, metric=gpu)
  [matrix] ID bootstrap推断中...
[matrix   ] ID ΔECE=+0.0000 [+0.0000,+0.0000] | OOD ΔECE=+0.0000 [+0.0000,+0.0000] | decay=+0.0000
  [dirichlet] OOD bootstrap推断中... (B=10000, method=percentile, metric=gpu)
  [dirichlet] ID bootstrap推断中...
[dirichlet] ID ΔECE=-0.0036 [-0.0057,+0.0009] | OOD ΔECE=+0.0080 [+0.0037,+0.0122] | decay=+0.0115
  [em_prior] π̂_target=[0.5 0.5 0.  0.  0. ] (π_train=[0.236 0.005 0.696 0.04  0.023])
  [em_prior] w=π̂/π_train=[ 2.12 92.02  0.    0.    0.  ]
  [em_prior] [sanity] π̂_ID=[0.257 0.072 0.671 0.    0.   ] w_ID=[ 1.09 13.24  0.96  0.    0.  ] (≈1 if no shift)
  [em_prior] OOD bootstrap推断中... (B=10000, method=percentile, metric=gpu)
  [em_prior] ID bootstrap推断中...
[em_prior ] ID ΔECE=-0.1058 [-0.1107,-0.1010] | OOD ΔECE=-0.1389 [-0.1495,-0.1261] | decay=-0.0331
  [bbse_prior] π̂_target=[0.151 0.296 0.138 0.078 0.338] (π_train=[0.236 0.005 0.696 0.04  0.023])
  [bbse_prior] w=π̂/π_train=[ 0.64 54.5   0.2   1.94 14.86]
  [bbse_prior] cond(C)=533.1 rank=5/5
  [bbse_prior] [sanity] π̂_ID=[0.207 0.    0.7   0.055 0.039] w_ID=[0.88 0.   1.   1.37 1.71] (≈1 if no shift)
  [bbse_prior] OOD bootstrap推断中... (B=10000, method=percentile, metric=gpu)
  [bbse_prior] ID bootstrap推断中...
[bbse_prior] ID ΔECE=+0.2884 [+0.2822,+0.2945] | OOD ΔECE=+0.1566 [+0.1484,+0.1647] | decay=-0.1318

Saved to checkpoints\transfer\chapman_ptbxl\inceptiontime\seed45\transfer_result.json

============================================================
S1 跨库主终点汇总 (ID→OOD ΔECE 衰减)
============================================================
  ts        decay均值=+0.0366 sd=0.0000 (n=1 seed)
  platt     decay均值=+0.0301 sd=0.0000 (n=1 seed)
  isotonic  decay均值=+0.0105 sd=0.0000 (n=1 seed)
  vector    decay均值=-0.0025 sd=0.0000 (n=1 seed)
  matrix    decay均值=+0.0000 sd=0.0000 (n=1 seed)
  dirichlet decay均值=+0.0115 sd=0.0000 (n=1 seed)
  em_prior  decay均值=-0.0331 sd=0.0000 (n=1 seed)
  bbse_prior decay均值=-0.1318 sd=0.0000 (n=1 seed)
Aggregate -> checkpoints\transfer\chapman_ptbxl\inceptiontime\aggregate.json
