[cpsc] 子空间降级: 保留10285条 (子空间('CD', 'MI', 'NORM', 'STTC'))，剔除11条 (分布{'HYP': 11})
[cpsc] 患者级四分割: train(6172p/6172r) val(1029p/1029r) cal(1027p/1027r) test(2057p/2057r)
[cpsc] 标签分布(test): {'STTC': 1086, 'CD': 485, 'MI': 303, 'NORM': 183}
Epoch 1/50 | train_loss=0.9828 train_acc=58.69% | val_loss=0.9223 val_acc=61.71% ECE=0.0656
Epoch 2/50 | train_loss=0.8744 train_acc=63.86% | val_loss=0.8657 val_acc=65.50% ECE=0.0991
Epoch 3/50 | train_loss=0.8263 train_acc=66.49% | val_loss=0.8283 val_acc=65.40% ECE=0.0822
Epoch 4/50 | train_loss=0.7974 train_acc=68.18% | val_loss=0.7539 val_acc=70.07% ECE=0.0212
Epoch 5/50 | train_loss=0.7779 train_acc=68.85% | val_loss=0.7705 val_acc=69.78% ECE=0.0527
Epoch 6/50 | train_loss=0.7595 train_acc=69.48% | val_loss=0.7305 val_acc=71.33% ECE=0.0446
Epoch 7/50 | train_loss=0.7255 train_acc=70.96% | val_loss=0.6731 val_acc=73.18% ECE=0.0423
Epoch 8/50 | train_loss=0.6860 train_acc=72.35% | val_loss=0.6518 val_acc=73.86% ECE=0.0500
Epoch 9/50 | train_loss=0.6639 train_acc=73.46% | val_loss=0.6619 val_acc=74.05% ECE=0.0230
Epoch 10/50 | train_loss=0.6625 train_acc=73.60% | val_loss=0.6783 val_acc=73.57% ECE=0.0521
Epoch 11/50 | train_loss=0.6417 train_acc=75.36% | val_loss=0.6392 val_acc=74.34% ECE=0.0292
Epoch 12/50 | train_loss=0.6279 train_acc=74.95% | val_loss=0.5963 val_acc=76.19% ECE=0.0206
Epoch 13/50 | train_loss=0.6141 train_acc=75.75% | val_loss=0.6267 val_acc=75.02% ECE=0.0252
Epoch 14/50 | train_loss=0.6177 train_acc=76.22% | val_loss=0.6492 val_acc=74.73% ECE=0.0405
Epoch 15/50 | train_loss=0.6056 train_acc=75.97% | val_loss=0.6046 val_acc=76.87% ECE=0.0408
Epoch 16/50 | train_loss=0.5919 train_acc=76.98% | val_loss=0.6172 val_acc=76.29% ECE=0.0520
Epoch 17/50 | train_loss=0.5857 train_acc=77.32% | val_loss=0.6519 val_acc=75.02% ECE=0.0196
Epoch 18/50 | train_loss=0.5729 train_acc=77.32% | val_loss=0.5773 val_acc=76.97% ECE=0.0406
Epoch 19/50 | train_loss=0.5683 train_acc=77.91% | val_loss=0.6028 val_acc=76.87% ECE=0.0393
Epoch 20/50 | train_loss=0.5538 train_acc=78.88% | val_loss=0.5828 val_acc=77.45% ECE=0.0443
Epoch 21/50 | train_loss=0.5457 train_acc=78.80% | val_loss=0.5993 val_acc=76.68% ECE=0.0477
Epoch 22/50 | train_loss=0.5392 train_acc=79.40% | val_loss=0.5929 val_acc=77.45% ECE=0.0374
Epoch 23/50 | train_loss=0.5324 train_acc=79.40% | val_loss=0.5899 val_acc=77.84% ECE=0.0349
Epoch 24/50 | train_loss=0.5178 train_acc=80.26% | val_loss=0.5942 val_acc=77.45% ECE=0.0277
Epoch 25/50 | train_loss=0.5046 train_acc=80.28% | val_loss=0.5838 val_acc=77.36% ECE=0.0546
Epoch 26/50 | train_loss=0.5009 train_acc=80.73% | val_loss=0.5995 val_acc=77.26% ECE=0.0572
Epoch 27/50 | train_loss=0.4908 train_acc=80.83% | val_loss=0.6221 val_acc=77.55% ECE=0.0555
Early stopping at epoch 27
[ptbxl] 子空间降级: 保留21048条 (子空间('CD', 'MI', 'NORM', 'STTC'))，剔除474条 (分布{'HYP': 474})
[ptbxl] 患者级四分割: train(12724p/16829r) val(1818p/2116r) cal(1873p/2099r) test(1839p/2120r)
[ptbxl] 标签分布(test): {'NORM': 866, 'MI': 550, 'STTC': 479, 'CD': 225}
  [ts] OOD bootstrap推断中... (B=10000, method=percentile, metric=gpu)
  [ts] ID bootstrap推断中...
[ts       ] ID ΔECE=+0.0052 [-0.0123,+0.0120] | OOD ΔECE=+0.0197 [+0.0193,+0.0201] | decay=+0.0145
  [platt] OOD bootstrap推断中... (B=10000, method=percentile, metric=gpu)
  [platt] ID bootstrap推断中...
[platt    ] ID ΔECE=+0.0128 [-0.0065,+0.0250] | OOD ΔECE=+0.0144 [+0.0103,+0.0192] | decay=+0.0016
  [isotonic] OOD bootstrap推断中... (B=10000, method=percentile, metric=gpu)
  [isotonic] ID bootstrap推断中...
[isotonic ] ID ΔECE=+0.0186 [+0.0020,+0.0251] | OOD ΔECE=+0.0030 [-0.0026,+0.0095] | decay=-0.0156
  [vector] OOD bootstrap推断中... (B=10000, method=percentile, metric=gpu)
  [vector] ID bootstrap推断中...
[vector   ] ID ΔECE=+0.0114 [-0.0019,+0.0218] | OOD ΔECE=+0.0048 [-0.0003,+0.0109] | decay=-0.0065
  [matrix] OOD bootstrap推断中... (B=10000, method=percentile, metric=gpu)
  [matrix] ID bootstrap推断中...
[matrix   ] ID ΔECE=+0.0134 [+0.0003,+0.0228] | OOD ΔECE=+0.0095 [+0.0035,+0.0168] | decay=-0.0040
  [dirichlet] OOD bootstrap推断中... (B=10000, method=percentile, metric=gpu)
  [dirichlet] ID bootstrap推断中...
[dirichlet] ID ΔECE=+0.0135 [+0.0002,+0.0231] | OOD ΔECE=+0.0094 [+0.0032,+0.0170] | decay=-0.0041
  [em_prior] π̂_target=[0.042 0.18  0.486 0.292] (π_train=[0.089 0.236 0.529 0.147])
  [em_prior] w=π̂/π_train=[0.47 0.76 0.92 1.99]
D:\A1\ecg-lab-v2\src\utils\prior_shift.py:184: UserWarning: fit_em: 1000次迭代未收敛(tol=1e-08)
  warnings.warn(f"fit_em: {max_iter}次迭代未收敛(tol={tol})")
  [em_prior] [sanity] π̂_ID=[0.    0.302 0.489 0.21 ] w_ID=[0.   1.28 0.92 1.42] (≈1 if no shift)
  [em_prior] OOD bootstrap推断中... (B=10000, method=percentile, metric=gpu)
  [em_prior] ID bootstrap推断中...
[em_prior ] ID ΔECE=-0.0225 [-0.0347,-0.0117] | OOD ΔECE=-0.0093 [-0.0146,-0.0038] | decay=+0.0132
  [bbse_prior] π̂_target=[0.2   0.125 0.451 0.224] (π_train=[0.089 0.236 0.529 0.147])
  [bbse_prior] w=π̂/π_train=[2.26 0.53 0.85 1.52]
  [bbse_prior] cond(C)=6.4 rank=4/4
  [bbse_prior] [sanity] π̂_ID=[0.099 0.217 0.521 0.163] w_ID=[1.12 0.92 0.99 1.11] (≈1 if no shift)
  [bbse_prior] OOD bootstrap推断中... (B=10000, method=percentile, metric=gpu)
  [bbse_prior] ID bootstrap推断中...
[bbse_prior] ID ΔECE=-0.0126 [-0.0240,+0.0002] | OOD ΔECE=+0.0351 [+0.0256,+0.0459] | decay=+0.0478

Saved to checkpoints\transfer\cpsc_ptbxl\inceptiontime\seed45\transfer_result.json

============================================================
S1 跨库主终点汇总 (ID→OOD ΔECE 衰减)
============================================================
  ts        decay均值=+0.0145 sd=0.0000 (n=1 seed)
  platt     decay均值=+0.0016 sd=0.0000 (n=1 seed)
  isotonic  decay均值=-0.0156 sd=0.0000 (n=1 seed)
  vector    decay均值=-0.0065 sd=0.0000 (n=1 seed)
  matrix    decay均值=-0.0040 sd=0.0000 (n=1 seed)
  dirichlet decay均值=-0.0041 sd=0.0000 (n=1 seed)
  em_prior  decay均值=+0.0132 sd=0.0000 (n=1 seed)
  bbse_prior decay均值=+0.0478 sd=0.0000 (n=1 seed)
Aggregate -> checkpoints\transfer\cpsc_ptbxl\inceptiontime\aggregate.json
