[cpsc] 子空间降级: 保留10285条 (子空间('CD', 'MI', 'NORM', 'STTC'))，剔除11条 (分布{'HYP': 11})
[cpsc] 患者级四分割: train(6172p/6172r) val(1029p/1029r) cal(1027p/1027r) test(2057p/2057r)
[cpsc] 标签分布(test): {'STTC': 1086, 'CD': 485, 'MI': 303, 'NORM': 183}
Loaded checkpoint checkpoints\transfer\cpsc_chapman\inceptiontime\seed43\best_model.pt (epoch 12, val_ece=0.0203)
[chapman] 子空间降级: 保留19785条 (子空间('CD', 'MI', 'NORM', 'STTC'))，剔除458条 (分布{'HYP': 458})
[chapman] 患者级四分割: train(11869p/11869r) val(1979p/1979r) cal(1979p/1979r) test(3958p/3958r)
[chapman] 标签分布(test): {'STTC': 2820, 'NORM': 953, 'CD': 163, 'MI': 22}
  [ts] OOD bootstrap推断中... (B=200, method=percentile, metric=gpu)
  [ts] ID bootstrap推断中...
[ts       ] ID ΔECE=-0.0012 [-0.0176,+0.0160] | OOD ΔECE=+0.0209 [+0.0200,+0.0212] | decay=+0.0221
  [platt] OOD bootstrap推断中... (B=200, method=percentile, metric=gpu)
  [platt] ID bootstrap推断中...
[platt    ] ID ΔECE=-0.0087 [-0.0169,+0.0064] | OOD ΔECE=-0.0062 [-0.0090,-0.0027] | decay=+0.0025
  [isotonic] OOD bootstrap推断中... (B=200, method=percentile, metric=gpu)
  [isotonic] ID bootstrap推断中...
[isotonic ] ID ΔECE=-0.0222 [-0.0300,-0.0024] | OOD ΔECE=-0.0116 [-0.0156,-0.0077] | decay=+0.0106
  [vector] OOD bootstrap推断中... (B=200, method=percentile, metric=gpu)
  [vector] ID bootstrap推断中...
[vector   ] ID ΔECE=-0.0226 [-0.0298,-0.0062] | OOD ΔECE=-0.0184 [-0.0219,-0.0145] | decay=+0.0042
  [matrix] OOD bootstrap推断中... (B=200, method=percentile, metric=gpu)
  [matrix] ID bootstrap推断中...
[matrix   ] ID ΔECE=-0.0317 [-0.0404,-0.0151] | OOD ΔECE=-0.0209 [-0.0254,-0.0173] | decay=+0.0109
  [dirichlet] OOD bootstrap推断中... (B=200, method=percentile, metric=gpu)
  [dirichlet] ID bootstrap推断中...
[dirichlet] ID ΔECE=-0.0318 [-0.0389,-0.0156] | OOD ΔECE=-0.0210 [-0.0250,-0.0170] | decay=+0.0108
  [em_prior] π̂_target=[0.    0.    0.688 0.312] (π_train=[0.089 0.236 0.529 0.147])
  [em_prior] w=π̂/π_train=[0.   0.   1.3  2.13]
  [em_prior] [sanity] π̂_ID=[0.    0.105 0.473 0.422] w_ID=[0.   0.45 0.89 2.87] (≈1 if no shift)
  [em_prior] OOD bootstrap推断中... (B=200, method=percentile, metric=gpu)
  [em_prior] ID bootstrap推断中...
[em_prior ] ID ΔECE=-0.0709 [-0.0797,-0.0563] | OOD ΔECE=-0.0651 [-0.0725,-0.0601] | decay=+0.0058
  [bbse_prior] π̂_target=[0.    0.133 0.784 0.083] (π_train=[0.089 0.236 0.529 0.147])
  [bbse_prior] w=π̂/π_train=[0.   0.56 1.48 0.57]
  [bbse_prior] cond(C)=6.9 rank=4/4
  [bbse_prior] [sanity] π̂_ID=[0.099 0.226 0.501 0.174] w_ID=[1.12 0.96 0.95 1.18] (≈1 if no shift)
  [bbse_prior] OOD bootstrap推断中... (B=200, method=percentile, metric=gpu)
  [bbse_prior] ID bootstrap推断中...
[bbse_prior] ID ΔECE=-0.0940 [-0.1054,-0.0753] | OOD ΔECE=-0.0994 [-0.1028,-0.0952] | decay=-0.0055

Saved to checkpoints\transfer\cpsc_chapman\inceptiontime\seed43\transfer_result.json

============================================================
S1 跨库主终点汇总 (ID→OOD ΔECE 衰减)
============================================================
  ts        decay均值=+0.0221 sd=0.0000 (n=1 seed)
  platt     decay均值=+0.0025 sd=0.0000 (n=1 seed)
  isotonic  decay均值=+0.0106 sd=0.0000 (n=1 seed)
  vector    decay均值=+0.0042 sd=0.0000 (n=1 seed)
  matrix    decay均值=+0.0109 sd=0.0000 (n=1 seed)
  dirichlet decay均值=+0.0108 sd=0.0000 (n=1 seed)
  em_prior  decay均值=+0.0058 sd=0.0000 (n=1 seed)
  bbse_prior decay均值=-0.0055 sd=0.0000 (n=1 seed)
Aggregate -> checkpoints\transfer\cpsc_chapman\inceptiontime\aggregate.json
