[cpsc] 子空间降级: 保留10285条 (子空间('CD', 'MI', 'NORM', 'STTC'))，剔除11条 (分布{'HYP': 11})
[cpsc] 患者级四分割: train(6172p/6172r) val(1029p/1029r) cal(1027p/1027r) test(2057p/2057r)
[cpsc] 标签分布(test): {'STTC': 1086, 'CD': 485, 'MI': 303, 'NORM': 183}
Epoch 1/50 | train_loss=1.0136 train_acc=58.28% | val_loss=0.8888 val_acc=63.07% ECE=0.0290
Epoch 2/50 | train_loss=0.8944 train_acc=62.55% | val_loss=0.8552 val_acc=65.60% ECE=0.0776
Epoch 3/50 | train_loss=0.8383 train_acc=65.49% | val_loss=0.7450 val_acc=69.29% ECE=0.0268
Epoch 4/50 | train_loss=0.7927 train_acc=67.84% | val_loss=0.7289 val_acc=70.94% ECE=0.0179
Epoch 5/50 | train_loss=0.7636 train_acc=69.06% | val_loss=0.7249 val_acc=69.68% ECE=0.0502
Epoch 6/50 | train_loss=0.7228 train_acc=71.27% | val_loss=0.6737 val_acc=71.82% ECE=0.0405
Epoch 7/50 | train_loss=0.6932 train_acc=71.92% | val_loss=0.6370 val_acc=73.18% ECE=0.0285
Epoch 8/50 | train_loss=0.6590 train_acc=73.62% | val_loss=0.6416 val_acc=74.34% ECE=0.0187
Epoch 9/50 | train_loss=0.6515 train_acc=73.41% | val_loss=0.6532 val_acc=73.57% ECE=0.0432
Epoch 10/50 | train_loss=0.6402 train_acc=74.37% | val_loss=0.6693 val_acc=74.25% ECE=0.0282
Epoch 11/50 | train_loss=0.6317 train_acc=74.95% | val_loss=0.6321 val_acc=75.22% ECE=0.0398
Epoch 12/50 | train_loss=0.6213 train_acc=75.63% | val_loss=0.6109 val_acc=76.38% ECE=0.0159
Epoch 13/50 | train_loss=0.6167 train_acc=76.17% | val_loss=0.5969 val_acc=77.16% ECE=0.0252
Epoch 14/50 | train_loss=0.6046 train_acc=75.67% | val_loss=0.6431 val_acc=74.93% ECE=0.0454
Epoch 15/50 | train_loss=0.5945 train_acc=76.61% | val_loss=0.5839 val_acc=78.13% ECE=0.0306
Epoch 16/50 | train_loss=0.5840 train_acc=77.24% | val_loss=0.6290 val_acc=75.61% ECE=0.0337
Epoch 17/50 | train_loss=0.5836 train_acc=77.45% | val_loss=0.6067 val_acc=76.97% ECE=0.0309
Epoch 18/50 | train_loss=0.5670 train_acc=77.52% | val_loss=0.6365 val_acc=75.51% ECE=0.0553
Epoch 19/50 | train_loss=0.5582 train_acc=78.41% | val_loss=0.5996 val_acc=77.16% ECE=0.0241
Epoch 20/50 | train_loss=0.5465 train_acc=78.60% | val_loss=0.5929 val_acc=77.45% ECE=0.0320
Epoch 21/50 | train_loss=0.5310 train_acc=79.69% | val_loss=0.6044 val_acc=77.07% ECE=0.0505
Epoch 22/50 | train_loss=0.5288 train_acc=79.63% | val_loss=0.6078 val_acc=76.00% ECE=0.0441
Early stopping at epoch 22
[chapman] 子空间降级: 保留19785条 (子空间('CD', 'MI', 'NORM', 'STTC'))，剔除458条 (分布{'HYP': 458})
[chapman] 患者级四分割: train(11869p/11869r) val(1979p/1979r) cal(1979p/1979r) test(3958p/3958r)
[chapman] 标签分布(test): {'STTC': 2820, 'NORM': 953, 'CD': 163, 'MI': 22}
  [ts] OOD bootstrap推断中... (B=10000, method=percentile, metric=gpu)
  [ts] ID bootstrap推断中...
[ts       ] ID ΔECE=+0.0091 [-0.0088,+0.0170] | OOD ΔECE=+0.0245 [+0.0241,+0.0249] | decay=+0.0155
  [platt] OOD bootstrap推断中... (B=10000, method=percentile, metric=gpu)
  [platt] ID bootstrap推断中...
[platt    ] ID ΔECE=+0.0130 [-0.0073,+0.0209] | OOD ΔECE=+0.0231 [+0.0188,+0.0280] | decay=+0.0102
  [isotonic] OOD bootstrap推断中... (B=10000, method=percentile, metric=gpu)
  [isotonic] ID bootstrap推断中...
[isotonic ] ID ΔECE=+0.0143 [-0.0009,+0.0204] | OOD ΔECE=+0.0144 [+0.0110,+0.0189] | decay=+0.0001
  [vector] OOD bootstrap推断中... (B=10000, method=percentile, metric=gpu)
  [vector] ID bootstrap推断中...
[vector   ] ID ΔECE=+0.0160 [+0.0009,+0.0234] | OOD ΔECE=+0.0333 [+0.0251,+0.0414] | decay=+0.0173
  [matrix] OOD bootstrap推断中... (B=10000, method=percentile, metric=gpu)
  [matrix] ID bootstrap推断中...
[matrix   ] ID ΔECE=+0.0065 [-0.0052,+0.0147] | OOD ΔECE=+0.0604 [+0.0531,+0.0673] | decay=+0.0538
  [dirichlet] OOD bootstrap推断中... (B=10000, method=percentile, metric=gpu)
  [dirichlet] ID bootstrap推断中...
[dirichlet] ID ΔECE=+0.0065 [-0.0049,+0.0147] | OOD ΔECE=+0.0603 [+0.0529,+0.0671] | decay=+0.0538
  [em_prior] π̂_target=[0.    0.043 0.881 0.076] (π_train=[0.089 0.236 0.529 0.147])
  [em_prior] w=π̂/π_train=[0.   0.18 1.67 0.52]
  [em_prior] [sanity] π̂_ID=[0.072 0.177 0.492 0.259] w_ID=[0.81 0.75 0.93 1.76] (≈1 if no shift)
  [em_prior] OOD bootstrap推断中... (B=10000, method=percentile, metric=gpu)
  [em_prior] ID bootstrap推断中...
[em_prior ] ID ΔECE=-0.0536 [-0.0636,-0.0432] | OOD ΔECE=-0.0790 [-0.0941,-0.0659] | decay=-0.0253
  [bbse_prior] π̂_target=[0.    0.078 0.922 0.   ] (π_train=[0.089 0.236 0.529 0.147])
  [bbse_prior] w=π̂/π_train=[0.   0.33 1.74 0.  ]
  [bbse_prior] cond(C)=4.0 rank=4/4
  [bbse_prior] [sanity] π̂_ID=[0.086 0.212 0.548 0.154] w_ID=[0.97 0.9  1.04 1.05] (≈1 if no shift)
  [bbse_prior] OOD bootstrap推断中... (B=10000, method=percentile, metric=gpu)
  [bbse_prior] ID bootstrap推断中...
[bbse_prior] ID ΔECE=-0.1408 [-0.1514,-0.1308] | OOD ΔECE=-0.1232 [-0.1368,-0.1090] | decay=+0.0176

Saved to checkpoints\transfer\cpsc_chapman\inceptiontime\seed45\transfer_result.json

============================================================
S1 跨库主终点汇总 (ID→OOD ΔECE 衰减)
============================================================
  ts        decay均值=+0.0155 sd=0.0000 (n=1 seed)
  platt     decay均值=+0.0102 sd=0.0000 (n=1 seed)
  isotonic  decay均值=+0.0001 sd=0.0000 (n=1 seed)
  vector    decay均值=+0.0173 sd=0.0000 (n=1 seed)
  matrix    decay均值=+0.0538 sd=0.0000 (n=1 seed)
  dirichlet decay均值=+0.0538 sd=0.0000 (n=1 seed)
  em_prior  decay均值=-0.0253 sd=0.0000 (n=1 seed)
  bbse_prior decay均值=+0.0176 sd=0.0000 (n=1 seed)
Aggregate -> checkpoints\transfer\cpsc_chapman\inceptiontime\aggregate.json
