[chapman] 子空间降级: 保留19785条 (子空间('CD', 'MI', 'NORM', 'STTC'))，剔除458条 (分布{'HYP': 458})
[chapman] 患者级四分割: train(11869p/11869r) val(1979p/1979r) cal(1979p/1979r) test(3958p/3958r)
[chapman] 标签分布(test): {'STTC': 2820, 'NORM': 953, 'CD': 163, 'MI': 22}
Epoch 1/50 | train_loss=0.5553 train_acc=79.00% | val_loss=0.4772 val_acc=82.67% ECE=0.0461
Epoch 2/50 | train_loss=0.4744 train_acc=82.79% | val_loss=0.4227 val_acc=84.69% ECE=0.0211
Epoch 3/50 | train_loss=0.4534 train_acc=83.52% | val_loss=0.4562 val_acc=83.27% ECE=0.0401
Epoch 4/50 | train_loss=0.4361 train_acc=84.24% | val_loss=0.4527 val_acc=83.02% ECE=0.0188
Epoch 5/50 | train_loss=0.4232 train_acc=84.72% | val_loss=0.4111 val_acc=85.30% ECE=0.0225
Epoch 6/50 | train_loss=0.4154 train_acc=85.39% | val_loss=0.4458 val_acc=84.08% ECE=0.0481
Epoch 7/50 | train_loss=0.4057 train_acc=85.53% | val_loss=0.4028 val_acc=85.65% ECE=0.0248
Epoch 8/50 | train_loss=0.3931 train_acc=86.11% | val_loss=0.4010 val_acc=84.89% ECE=0.0287
Epoch 9/50 | train_loss=0.3868 train_acc=86.24% | val_loss=0.3952 val_acc=85.65% ECE=0.0353
Epoch 10/50 | train_loss=0.3806 train_acc=86.44% | val_loss=0.4062 val_acc=85.80% ECE=0.0484
Epoch 11/50 | train_loss=0.3749 train_acc=86.94% | val_loss=0.4460 val_acc=84.74% ECE=0.0531
Epoch 12/50 | train_loss=0.3756 train_acc=86.57% | val_loss=0.3685 val_acc=86.66% ECE=0.0289
Epoch 13/50 | train_loss=0.3668 train_acc=87.10% | val_loss=0.4051 val_acc=85.90% ECE=0.0519
Epoch 14/50 | train_loss=0.3700 train_acc=87.15% | val_loss=0.3706 val_acc=86.41% ECE=0.0203
Early stopping at epoch 14
[cpsc] 子空间降级: 保留10285条 (子空间('CD', 'MI', 'NORM', 'STTC'))，剔除11条 (分布{'HYP': 11})
[cpsc] 患者级四分割: train(6172p/6172r) val(1029p/1029r) cal(1027p/1027r) test(2057p/2057r)
[cpsc] 标签分布(test): {'STTC': 1086, 'CD': 485, 'MI': 303, 'NORM': 183}
  [ts] OOD bootstrap推断中... (B=200, method=percentile, metric=gpu)
  [ts] ID bootstrap推断中...
[ts       ] ID ΔECE=+0.0012 [-0.0018,+0.0033] | OOD ΔECE=+0.0101 [+0.0099,+0.0103] | decay=+0.0089
  [platt] OOD bootstrap推断中... (B=200, method=percentile, metric=gpu)
  [platt] ID bootstrap推断中...
[platt    ] ID ΔECE=+0.0133 [+0.0037,+0.0179] | OOD ΔECE=+0.0054 [+0.0015,+0.0095] | decay=-0.0079
  [isotonic] OOD bootstrap推断中... (B=200, method=percentile, metric=gpu)
  [isotonic] ID bootstrap推断中...
[isotonic ] ID ΔECE=+0.0166 [+0.0069,+0.0217] | OOD ΔECE=+0.0089 [+0.0046,+0.0132] | decay=-0.0077
  [vector] OOD bootstrap推断中... (B=200, method=percentile, metric=gpu)
  [vector] ID bootstrap推断中...
[vector   ] ID ΔECE=+0.0174 [+0.0093,+0.0216] | OOD ΔECE=+0.0187 [+0.0143,+0.0230] | decay=+0.0013
  [matrix] OOD bootstrap推断中... (B=200, method=percentile, metric=gpu)
  [matrix] ID bootstrap推断中...
[matrix   ] ID ΔECE=+0.0148 [+0.0050,+0.0211] | OOD ΔECE=+0.0203 [+0.0153,+0.0259] | decay=+0.0055
  [dirichlet] OOD bootstrap推断中... (B=200, method=percentile, metric=gpu)
  [dirichlet] ID bootstrap推断中...
[dirichlet] ID ΔECE=+0.0148 [+0.0039,+0.0205] | OOD ΔECE=+0.0205 [+0.0159,+0.0252] | decay=+0.0057
  [em_prior] π̂_target=[0.    0.488 0.    0.512] (π_train=[0.241 0.041 0.712 0.006])
  [em_prior] w=π̂/π_train=[ 0.   11.93  0.   92.06]
  [em_prior] [sanity] π̂_ID=[0.    0.38  0.115 0.506] w_ID=[ 0.    9.28  0.16 90.96] (≈1 if no shift)
  [em_prior] OOD bootstrap推断中... (B=200, method=percentile, metric=gpu)
  [em_prior] ID bootstrap推断中...
[em_prior ] ID ΔECE=-0.0562 [-0.0694,-0.0398] | OOD ΔECE=-0.0214 [-0.0311,-0.0128] | decay=+0.0347
  [bbse_prior] π̂_target=[0.063 0.423 0.502 0.012] (π_train=[0.241 0.041 0.712 0.006])
  [bbse_prior] w=π̂/π_train=[ 0.26 10.32  0.71  2.19]
  [bbse_prior] cond(C)=114.3 rank=4/4
  [bbse_prior] [sanity] π̂_ID=[0.235 0.052 0.7   0.012] w_ID=[0.97 1.28 0.98 2.24] (≈1 if no shift)
  [bbse_prior] OOD bootstrap推断中... (B=200, method=percentile, metric=gpu)
  [bbse_prior] ID bootstrap推断中...
[bbse_prior] ID ΔECE=-0.0427 [-0.0548,-0.0287] | OOD ΔECE=+0.0543 [+0.0455,+0.0637] | decay=+0.0969

Saved to checkpoints\transfer\chapman_cpsc\inceptiontime\seed43\transfer_result.json

============================================================
S1 跨库主终点汇总 (ID→OOD ΔECE 衰减)
============================================================
  ts        decay均值=+0.0089 sd=0.0000 (n=1 seed)
  platt     decay均值=-0.0079 sd=0.0000 (n=1 seed)
  isotonic  decay均值=-0.0077 sd=0.0000 (n=1 seed)
  vector    decay均值=+0.0013 sd=0.0000 (n=1 seed)
  matrix    decay均值=+0.0055 sd=0.0000 (n=1 seed)
  dirichlet decay均值=+0.0057 sd=0.0000 (n=1 seed)
  em_prior  decay均值=+0.0347 sd=0.0000 (n=1 seed)
  bbse_prior decay均值=+0.0969 sd=0.0000 (n=1 seed)
Aggregate -> checkpoints\transfer\chapman_cpsc\inceptiontime\aggregate.json
