[chapman] 子空间降级: 保留19785条 (子空间('CD', 'MI', 'NORM', 'STTC'))，剔除458条 (分布{'HYP': 458})
[chapman] 患者级四分割: train(11869p/11869r) val(1979p/1979r) cal(1979p/1979r) test(3958p/3958r)
[chapman] 标签分布(test): {'STTC': 2820, 'NORM': 953, 'CD': 163, 'MI': 22}
Epoch 1/50 | train_loss=0.5397 train_acc=79.47% | val_loss=0.4657 val_acc=82.16% ECE=0.0154
Epoch 2/50 | train_loss=0.4679 train_acc=83.06% | val_loss=0.4383 val_acc=83.88% ECE=0.0318
Epoch 3/50 | train_loss=0.4505 train_acc=83.93% | val_loss=0.4548 val_acc=81.91% ECE=0.0331
Epoch 4/50 | train_loss=0.4323 train_acc=84.56% | val_loss=0.4223 val_acc=84.54% ECE=0.0308
Epoch 5/50 | train_loss=0.4214 train_acc=84.80% | val_loss=0.4181 val_acc=85.14% ECE=0.0442
Epoch 6/50 | train_loss=0.4061 train_acc=85.73% | val_loss=0.4026 val_acc=85.65% ECE=0.0106
Epoch 7/50 | train_loss=0.3992 train_acc=85.80% | val_loss=0.4061 val_acc=85.85% ECE=0.0199
Epoch 8/50 | train_loss=0.3866 train_acc=86.36% | val_loss=0.3829 val_acc=85.75% ECE=0.0148
Epoch 9/50 | train_loss=0.3795 train_acc=86.40% | val_loss=0.3884 val_acc=85.50% ECE=0.0280
Epoch 10/50 | train_loss=0.3610 train_acc=86.88% | val_loss=0.3634 val_acc=86.66% ECE=0.0349
Epoch 11/50 | train_loss=0.3459 train_acc=87.39% | val_loss=0.3562 val_acc=86.61% ECE=0.0168
Epoch 12/50 | train_loss=0.3310 train_acc=87.87% | val_loss=0.3487 val_acc=86.61% ECE=0.0130
Epoch 13/50 | train_loss=0.3230 train_acc=88.10% | val_loss=0.3252 val_acc=88.23% ECE=0.0241
Epoch 14/50 | train_loss=0.3182 train_acc=88.19% | val_loss=0.3249 val_acc=87.62% ECE=0.0329
Epoch 15/50 | train_loss=0.3095 train_acc=88.76% | val_loss=0.3344 val_acc=87.22% ECE=0.0335
Epoch 16/50 | train_loss=0.3083 train_acc=88.87% | val_loss=0.3276 val_acc=87.97% ECE=0.0300
Early stopping at epoch 16
[cpsc] 子空间降级: 保留10285条 (子空间('CD', 'MI', 'NORM', 'STTC'))，剔除11条 (分布{'HYP': 11})
[cpsc] 患者级四分割: train(6172p/6172r) val(1029p/1029r) cal(1027p/1027r) test(2057p/2057r)
[cpsc] 标签分布(test): {'STTC': 1086, 'CD': 485, 'MI': 303, 'NORM': 183}
  [ts] OOD bootstrap推断中... (B=200, method=percentile, metric=gpu)
  [ts] ID bootstrap推断中...
[ts       ] ID ΔECE=+0.0075 [-0.0022,+0.0103] | OOD ΔECE=+0.0139 [+0.0136,+0.0142] | decay=+0.0064
  [platt] OOD bootstrap推断中... (B=200, method=percentile, metric=gpu)
  [platt] ID bootstrap推断中...
[platt    ] ID ΔECE=+0.0022 [-0.0097,+0.0138] | OOD ΔECE=+0.0252 [+0.0230,+0.0277] | decay=+0.0231
  [isotonic] OOD bootstrap推断中... (B=200, method=percentile, metric=gpu)
  [isotonic] ID bootstrap推断中...
[isotonic ] ID ΔECE=+0.0005 [-0.0078,+0.0106] | OOD ΔECE=+0.0201 [+0.0175,+0.0231] | decay=+0.0196
  [vector] OOD bootstrap推断中... (B=200, method=percentile, metric=gpu)
  [vector] ID bootstrap推断中...
[vector   ] ID ΔECE=+0.0017 [-0.0112,+0.0129] | OOD ΔECE=+0.0279 [+0.0251,+0.0307] | decay=+0.0262
  [matrix] OOD bootstrap推断中... (B=200, method=percentile, metric=gpu)
  [matrix] ID bootstrap推断中...
[matrix   ] ID ΔECE=+0.0024 [-0.0102,+0.0129] | OOD ΔECE=+0.0235 [+0.0199,+0.0275] | decay=+0.0210
  [dirichlet] OOD bootstrap推断中... (B=200, method=percentile, metric=gpu)
  [dirichlet] ID bootstrap推断中...
[dirichlet] ID ΔECE=+0.0021 [-0.0106,+0.0130] | OOD ΔECE=+0.0236 [+0.0203,+0.0277] | decay=+0.0215
  [em_prior] π̂_target=[0.    0.634 0.366 0.   ] (π_train=[0.241 0.041 0.712 0.006])
  [em_prior] w=π̂/π_train=[ 0.   15.48  0.51  0.  ]
  [em_prior] [sanity] π̂_ID=[0.217 0.107 0.677 0.   ] w_ID=[0.9  2.61 0.95 0.  ] (≈1 if no shift)
  [em_prior] OOD bootstrap推断中... (B=200, method=percentile, metric=gpu)
  [em_prior] ID bootstrap推断中...
[em_prior ] ID ΔECE=-0.1025 [-0.1129,-0.0904] | OOD ΔECE=-0.0687 [-0.0809,-0.0601] | decay=+0.0337
  [bbse_prior] π̂_target=[0.002 0.651 0.002 0.344] (π_train=[0.241 0.041 0.712 0.006])
  [bbse_prior] w=π̂/π_train=[1.000e-02 1.590e+01 0.000e+00 6.197e+01]
  [bbse_prior] cond(C)=574.8 rank=4/4
  [bbse_prior] [sanity] π̂_ID=[0.229 0.032 0.739 0.   ] w_ID=[0.95 0.77 1.04 0.  ] (≈1 if no shift)
  [bbse_prior] OOD bootstrap推断中... (B=200, method=percentile, metric=gpu)
  [bbse_prior] ID bootstrap推断中...
[bbse_prior] ID ΔECE=-0.1263 [-0.1357,-0.1155] | OOD ΔECE=-0.0568 [-0.0675,-0.0448] | decay=+0.0695

Saved to checkpoints\transfer\chapman_cpsc\inceptiontime\seed42\transfer_result.json

============================================================
S1 跨库主终点汇总 (ID→OOD ΔECE 衰减)
============================================================
  ts        decay均值=+0.0064 sd=0.0000 (n=1 seed)
  platt     decay均值=+0.0231 sd=0.0000 (n=1 seed)
  isotonic  decay均值=+0.0196 sd=0.0000 (n=1 seed)
  vector    decay均值=+0.0262 sd=0.0000 (n=1 seed)
  matrix    decay均值=+0.0210 sd=0.0000 (n=1 seed)
  dirichlet decay均值=+0.0215 sd=0.0000 (n=1 seed)
  em_prior  decay均值=+0.0337 sd=0.0000 (n=1 seed)
  bbse_prior decay均值=+0.0695 sd=0.0000 (n=1 seed)
Aggregate -> checkpoints\transfer\chapman_cpsc\inceptiontime\aggregate.json
