[cpsc] 子空间降级: 保留10285条 (子空间('CD', 'MI', 'NORM', 'STTC'))，剔除11条 (分布{'HYP': 11})
[cpsc] 患者级四分割: train(6172p/6172r) val(1029p/1029r) cal(1027p/1027r) test(2057p/2057r)
[cpsc] 标签分布(test): {'STTC': 1086, 'CD': 485, 'MI': 303, 'NORM': 183}
Epoch 1/50 | train_loss=0.9552 train_acc=61.44% | val_loss=0.8425 val_acc=63.56% ECE=0.0699
Epoch 2/50 | train_loss=0.7943 train_acc=67.47% | val_loss=0.7252 val_acc=69.78% ECE=0.0520
Epoch 3/50 | train_loss=0.7140 train_acc=72.11% | val_loss=0.7174 val_acc=71.62% ECE=0.0776
Epoch 4/50 | train_loss=0.6817 train_acc=73.39% | val_loss=0.6905 val_acc=72.98% ECE=0.0279
Epoch 5/50 | train_loss=0.6589 train_acc=74.40% | val_loss=0.6836 val_acc=71.72% ECE=0.0269
Epoch 6/50 | train_loss=0.6272 train_acc=75.50% | val_loss=0.6612 val_acc=74.54% ECE=0.0421
Epoch 7/50 | train_loss=0.6183 train_acc=76.23% | val_loss=0.6669 val_acc=72.40% ECE=0.0445
Epoch 8/50 | train_loss=0.6115 train_acc=77.18% | val_loss=0.6269 val_acc=75.02% ECE=0.0358
Epoch 9/50 | train_loss=0.5916 train_acc=77.50% | val_loss=0.6664 val_acc=73.96% ECE=0.0748
Epoch 10/50 | train_loss=0.5763 train_acc=78.08% | val_loss=0.6460 val_acc=75.80% ECE=0.0651
Epoch 11/50 | train_loss=0.5704 train_acc=78.47% | val_loss=0.6257 val_acc=76.19% ECE=0.0370
Epoch 12/50 | train_loss=0.5619 train_acc=78.80% | val_loss=0.6004 val_acc=76.97% ECE=0.0483
Epoch 13/50 | train_loss=0.5331 train_acc=80.05% | val_loss=0.6240 val_acc=76.09% ECE=0.0829
Epoch 14/50 | train_loss=0.5290 train_acc=79.97% | val_loss=0.5965 val_acc=77.84% ECE=0.0324
Epoch 15/50 | train_loss=0.5156 train_acc=81.27% | val_loss=0.6547 val_acc=75.90% ECE=0.0798
Early stopping at epoch 15
[chapman] 子空间降级: 保留19785条 (子空间('CD', 'MI', 'NORM', 'STTC'))，剔除458条 (分布{'HYP': 458})
[chapman] 患者级四分割: train(11869p/11869r) val(1979p/1979r) cal(1979p/1979r) test(3958p/3958r)
[chapman] 标签分布(test): {'STTC': 2820, 'NORM': 953, 'CD': 163, 'MI': 22}
  [ts] OOD bootstrap推断中... (B=10000, method=percentile, metric=gpu)
  [ts] ID bootstrap推断中...
[ts       ] ID ΔECE=-0.0152 [-0.0175,-0.0036] | OOD ΔECE=-0.0168 [-0.0170,-0.0165] | decay=-0.0016
  [platt] OOD bootstrap推断中... (B=10000, method=percentile, metric=gpu)
  [platt] ID bootstrap推断中...
[platt    ] ID ΔECE=+0.0145 [+0.0040,+0.0228] | OOD ΔECE=-0.0125 [-0.0224,-0.0020] | decay=-0.0270
  [isotonic] OOD bootstrap推断中... (B=10000, method=percentile, metric=gpu)
  [isotonic] ID bootstrap推断中...
[isotonic ] ID ΔECE=+0.0119 [+0.0029,+0.0200] | OOD ΔECE=-0.0059 [-0.0171,+0.0061] | decay=-0.0179
  [vector] OOD bootstrap推断中... (B=10000, method=percentile, metric=gpu)
  [vector] ID bootstrap推断中...
[vector   ] ID ΔECE=+0.0181 [+0.0040,+0.0301] | OOD ΔECE=+0.0006 [-0.0119,+0.0139] | decay=-0.0175
  [matrix] OOD bootstrap推断中... (B=10000, method=percentile, metric=gpu)
  [matrix] ID bootstrap推断中...
[matrix   ] ID ΔECE=+0.0188 [+0.0025,+0.0345] | OOD ΔECE=+0.0059 [-0.0068,+0.0197] | decay=-0.0130
  [dirichlet] OOD bootstrap推断中... (B=10000, method=percentile, metric=gpu)
  [dirichlet] ID bootstrap推断中...
[dirichlet] ID ΔECE=+0.0188 [+0.0019,+0.0344] | OOD ΔECE=+0.0058 [-0.0073,+0.0194] | decay=-0.0130
  [em_prior] π̂_target=[0.003 0.24  0.71  0.047] (π_train=[0.089 0.236 0.529 0.147])
  [em_prior] w=π̂/π_train=[0.03 1.02 1.34 0.32]
  [em_prior] [sanity] π̂_ID=[0.096 0.405 0.323 0.176] w_ID=[1.09 1.72 0.61 1.2 ] (≈1 if no shift)
  [em_prior] OOD bootstrap推断中... (B=10000, method=percentile, metric=gpu)
  [em_prior] ID bootstrap推断中...
[em_prior ] ID ΔECE=-0.0506 [-0.0617,-0.0379] | OOD ΔECE=-0.0736 [-0.0807,-0.0655] | decay=-0.0230
  [bbse_prior] π̂_target=[0.    0.123 0.877 0.001] (π_train=[0.089 0.236 0.529 0.147])
  [bbse_prior] w=π̂/π_train=[0.   0.52 1.66 0.  ]
  [bbse_prior] cond(C)=4.2 rank=4/4
  [bbse_prior] [sanity] π̂_ID=[0.087 0.273 0.516 0.123] w_ID=[0.99 1.16 0.98 0.84] (≈1 if no shift)
  [bbse_prior] OOD bootstrap推断中... (B=10000, method=percentile, metric=gpu)
  [bbse_prior] ID bootstrap推断中...
[bbse_prior] ID ΔECE=-0.0873 [-0.1028,-0.0722] | OOD ΔECE=-0.0823 [-0.1007,-0.0636] | decay=+0.0050

Saved to checkpoints\transfer\cpsc_chapman\resnet1d\seed44\transfer_result.json

============================================================
S1 跨库主终点汇总 (ID→OOD ΔECE 衰减)
============================================================
  ts        decay均值=-0.0016 sd=0.0000 (n=1 seed)
  platt     decay均值=-0.0270 sd=0.0000 (n=1 seed)
  isotonic  decay均值=-0.0179 sd=0.0000 (n=1 seed)
  vector    decay均值=-0.0175 sd=0.0000 (n=1 seed)
  matrix    decay均值=-0.0130 sd=0.0000 (n=1 seed)
  dirichlet decay均值=-0.0130 sd=0.0000 (n=1 seed)
  em_prior  decay均值=-0.0230 sd=0.0000 (n=1 seed)
  bbse_prior decay均值=+0.0050 sd=0.0000 (n=1 seed)
Aggregate -> checkpoints\transfer\cpsc_chapman\resnet1d\aggregate.json
