[cpsc] 子空间降级: 保留10285条 (子空间('CD', 'MI', 'NORM', 'STTC'))，剔除11条 (分布{'HYP': 11})
[cpsc] 患者级四分割: train(6172p/6172r) val(1029p/1029r) cal(1027p/1027r) test(2057p/2057r)
[cpsc] 标签分布(test): {'STTC': 1086, 'CD': 485, 'MI': 303, 'NORM': 183}
Loaded checkpoint checkpoints\transfer\cpsc_chapman\resnet1d\seed46\best_model.pt (epoch 7, val_ece=0.0227, d_model=64, n_layers=2)
[chapman] 子空间降级: 保留19785条 (子空间('CD', 'MI', 'NORM', 'STTC'))，剔除458条 (分布{'HYP': 458})
[chapman] 患者级四分割: train(11869p/11869r) val(1979p/1979r) cal(1979p/1979r) test(3958p/3958r)
[chapman] 标签分布(test): {'STTC': 2820, 'NORM': 953, 'CD': 163, 'MI': 22}
  [ts] OOD bootstrap推断中... (B=10000, method=percentile, metric=gpu)
  [ts] ID bootstrap推断中...
[ts       ] ID ΔECE=+0.0017 [+0.0004,+0.0021] | OOD ΔECE=+0.0017 [+0.0016,+0.0019] | decay=-0.0000
  [platt] OOD bootstrap推断中... (B=10000, method=percentile, metric=gpu)
  [platt] ID bootstrap推断中...
[platt    ] ID ΔECE=+0.0051 [-0.0013,+0.0110] | OOD ΔECE=-0.0029 [-0.0064,+0.0007] | decay=-0.0080
  [isotonic] OOD bootstrap推断中... (B=10000, method=percentile, metric=gpu)
  [isotonic] ID bootstrap推断中...
[isotonic ] ID ΔECE=-0.0041 [-0.0107,+0.0045] | OOD ΔECE=-0.0101 [-0.0154,-0.0044] | decay=-0.0060
  [vector] OOD bootstrap推断中... (B=10000, method=percentile, metric=gpu)
  [vector] ID bootstrap推断中...
[vector   ] ID ΔECE=+0.0051 [-0.0035,+0.0137] | OOD ΔECE=-0.0037 [-0.0095,+0.0018] | decay=-0.0088
  [matrix] OOD bootstrap推断中... (B=10000, method=percentile, metric=gpu)
  [matrix] ID bootstrap推断中...
[matrix   ] ID ΔECE=+0.0008 [-0.0087,+0.0120] | OOD ΔECE=-0.0057 [-0.0125,+0.0010] | decay=-0.0065
  [dirichlet] OOD bootstrap推断中... (B=10000, method=percentile, metric=gpu)
  [dirichlet] ID bootstrap推断中...
[dirichlet] ID ΔECE=+0.0009 [-0.0088,+0.0120] | OOD ΔECE=-0.0056 [-0.0123,+0.0013] | decay=-0.0065
  [em_prior] π̂_target=[0.    0.002 0.913 0.086] (π_train=[0.089 0.236 0.529 0.147])
  [em_prior] w=π̂/π_train=[0.   0.01 1.73 0.58]
  [em_prior] [sanity] π̂_ID=[0.103 0.198 0.45  0.249] w_ID=[1.17 0.84 0.85 1.69] (≈1 if no shift)
  [em_prior] OOD bootstrap推断中... (B=10000, method=percentile, metric=gpu)
  [em_prior] ID bootstrap推断中...
[em_prior ] ID ΔECE=-0.1162 [-0.1237,-0.1084] | OOD ΔECE=-0.1363 [-0.1439,-0.1276] | decay=-0.0201
  [bbse_prior] π̂_target=[0.    0.037 0.958 0.004] (π_train=[0.089 0.236 0.529 0.147])
  [bbse_prior] w=π̂/π_train=[0.   0.16 1.81 0.03]
  [bbse_prior] cond(C)=3.4 rank=4/4
  [bbse_prior] [sanity] π̂_ID=[0.084 0.233 0.538 0.145] w_ID=[0.95 0.99 1.02 0.99] (≈1 if no shift)
  [bbse_prior] OOD bootstrap推断中... (B=10000, method=percentile, metric=gpu)
  [bbse_prior] ID bootstrap推断中...
[bbse_prior] ID ΔECE=-0.1071 [-0.1179,-0.0958] | OOD ΔECE=-0.1703 [-0.1785,-0.1609] | decay=-0.0632

Saved to checkpoints\transfer\cpsc_chapman\resnet1d\seed46\transfer_result.json

============================================================
S1 跨库主终点汇总 (ID→OOD ΔECE 衰减)
============================================================
  ts        decay均值=-0.0000 sd=0.0000 (n=1 seed)
  platt     decay均值=-0.0080 sd=0.0000 (n=1 seed)
  isotonic  decay均值=-0.0060 sd=0.0000 (n=1 seed)
  vector    decay均值=-0.0088 sd=0.0000 (n=1 seed)
  matrix    decay均值=-0.0065 sd=0.0000 (n=1 seed)
  dirichlet decay均值=-0.0065 sd=0.0000 (n=1 seed)
  em_prior  decay均值=-0.0201 sd=0.0000 (n=1 seed)
  bbse_prior decay均值=-0.0632 sd=0.0000 (n=1 seed)
Aggregate -> checkpoints\transfer\cpsc_chapman\resnet1d\aggregate.json
