[ptbxl] 患者级四分割: train(13006p/17192r) val(1859p/2175r) cal(1921p/2158r) test(1885p/2172r)
[ptbxl] 标签分布(test): {'NORM': 866, 'MI': 550, 'STTC': 479, 'CD': 225, 'HYP': 52}
Epoch 1/50 | train_loss=1.0442 train_acc=60.35% | val_loss=0.9241 val_acc=65.15% ECE=0.0332
Epoch 2/50 | train_loss=0.8670 train_acc=68.33% | val_loss=0.8409 val_acc=70.07% ECE=0.0104
Epoch 3/50 | train_loss=0.8163 train_acc=70.50% | val_loss=0.8033 val_acc=70.71% ECE=0.0287
Epoch 4/50 | train_loss=0.7886 train_acc=71.44% | val_loss=0.7730 val_acc=72.69% ECE=0.0269
Epoch 5/50 | train_loss=0.7654 train_acc=72.70% | val_loss=0.8316 val_acc=71.40% ECE=0.0520
Epoch 6/50 | train_loss=0.7578 train_acc=72.49% | val_loss=0.7469 val_acc=72.69% ECE=0.0159
Epoch 7/50 | train_loss=0.7464 train_acc=73.16% | val_loss=0.7623 val_acc=72.09% ECE=0.0271
Epoch 8/50 | train_loss=0.7368 train_acc=73.53% | val_loss=0.7277 val_acc=74.25% ECE=0.0427
Epoch 9/50 | train_loss=0.7244 train_acc=74.14% | val_loss=0.7122 val_acc=73.93% ECE=0.0303
Epoch 10/50 | train_loss=0.7228 train_acc=74.31% | val_loss=0.7422 val_acc=72.69% ECE=0.0723
Epoch 11/50 | train_loss=0.7118 train_acc=74.58% | val_loss=0.6956 val_acc=74.71% ECE=0.0204
Epoch 12/50 | train_loss=0.7010 train_acc=74.65% | val_loss=0.6899 val_acc=74.62% ECE=0.0366
Early stopping at epoch 12
[chapman] 患者级四分割: train(12143p/12143r) val(2025p/2025r) cal(2025p/2025r) test(4050p/4050r)
[chapman] 标签分布(test): {'STTC': 2820, 'NORM': 953, 'CD': 163, 'HYP': 92, 'MI': 22}
  [ts] OOD bootstrap推断中... (B=10000, method=percentile, metric=gpu)
  [ts] ID bootstrap推断中...
[ts       ] ID ΔECE=-0.0011 [-0.0023,+0.0028] | OOD ΔECE=-0.0026 [-0.0029,-0.0023] | decay=-0.0015
  [platt] OOD bootstrap推断中... (B=10000, method=percentile, metric=gpu)
  [platt] ID bootstrap推断中...
[platt    ] ID ΔECE=+0.0054 [-0.0029,+0.0143] | OOD ΔECE=+0.0397 [+0.0296,+0.0483] | decay=+0.0343
  [isotonic] OOD bootstrap推断中... (B=10000, method=percentile, metric=gpu)
  [isotonic] ID bootstrap推断中...
[isotonic ] ID ΔECE=-0.0072 [-0.0156,+0.0059] | OOD ΔECE=+0.0435 [+0.0375,+0.0490] | decay=+0.0507
  [vector] OOD bootstrap推断中... (B=10000, method=percentile, metric=gpu)
  [vector] ID bootstrap推断中...
[vector   ] ID ΔECE=+0.0041 [-0.0075,+0.0188] | OOD ΔECE=+0.0584 [+0.0448,+0.0710] | decay=+0.0543
D:\A1\ecg-lab-v2\src\utils\calibration_methods.py:171: UserWarning: fit_matrix_scaling: 优化未收敛(status=1)，返回None
  warnings.warn(f"fit_matrix_scaling: 优化未收敛(status={res.status})，返回None")
  [matrix] OOD bootstrap推断中... (B=10000, method=percentile, metric=gpu)
  [matrix] ID bootstrap推断中...
[matrix   ] ID ΔECE=+0.0000 [+0.0000,+0.0000] | OOD ΔECE=+0.0000 [+0.0000,+0.0000] | decay=+0.0000
  [dirichlet] OOD bootstrap推断中... (B=10000, method=percentile, metric=gpu)
  [dirichlet] ID bootstrap推断中...
[dirichlet] ID ΔECE=+0.0078 [-0.0069,+0.0242] | OOD ΔECE=+0.0773 [+0.0630,+0.0902] | decay=+0.0696
  [em_prior] π̂_target=[0.175 0.307 0.514 0.003 0.   ] (π_train=[0.399 0.25  0.219 0.104 0.027])
  [em_prior] w=π̂/π_train=[0.44 1.23 2.35 0.03 0.  ]
  [em_prior] [sanity] π̂_ID=[0.418 0.399 0.132 0.051 0.   ] w_ID=[1.05 1.59 0.6  0.49 0.  ] (≈1 if no shift)
  [em_prior] OOD bootstrap推断中... (B=10000, method=percentile, metric=gpu)
  [em_prior] ID bootstrap推断中...
[em_prior ] ID ΔECE=-0.0099 [-0.0183,-0.0016] | OOD ΔECE=+0.0971 [+0.0828,+0.1105] | decay=+0.1070
  [bbse_prior] π̂_target=[0.183 0.156 0.618 0.042 0.   ] (π_train=[0.399 0.25  0.219 0.104 0.027])
  [bbse_prior] w=π̂/π_train=[0.46 0.62 2.82 0.41 0.  ]
  [bbse_prior] cond(C)=321.3 rank=5/5
  [bbse_prior] [sanity] π̂_ID=[0.388 0.249 0.208 0.106 0.049] w_ID=[0.97 1.   0.95 1.02 1.78] (≈1 if no shift)
  [bbse_prior] OOD bootstrap推断中... (B=10000, method=percentile, metric=gpu)
  [bbse_prior] ID bootstrap推断中...
[bbse_prior] ID ΔECE=+0.0106 [+0.0001,+0.0202] | OOD ΔECE=+0.1495 [+0.1327,+0.1657] | decay=+0.1389

Saved to checkpoints\transfer\ptbxl_chapman\inceptiontime\seed46\transfer_result.json

============================================================
S1 跨库主终点汇总 (ID→OOD ΔECE 衰减)
============================================================
  ts        decay均值=-0.0015 sd=0.0000 (n=1 seed)
  platt     decay均值=+0.0343 sd=0.0000 (n=1 seed)
  isotonic  decay均值=+0.0507 sd=0.0000 (n=1 seed)
  vector    decay均值=+0.0543 sd=0.0000 (n=1 seed)
  matrix    decay均值=+0.0000 sd=0.0000 (n=1 seed)
  dirichlet decay均值=+0.0696 sd=0.0000 (n=1 seed)
  em_prior  decay均值=+0.1070 sd=0.0000 (n=1 seed)
  bbse_prior decay均值=+0.1389 sd=0.0000 (n=1 seed)
Aggregate -> checkpoints\transfer\ptbxl_chapman\inceptiontime\aggregate.json
