[ptbxl] 患者级四分割: train(13006p/17192r) val(1859p/2175r) cal(1921p/2158r) test(1885p/2172r)
[ptbxl] 标签分布(test): {'NORM': 866, 'MI': 550, 'STTC': 479, 'CD': 225, 'HYP': 52}
Epoch 1/50 | train_loss=0.9544 train_acc=64.92% | val_loss=0.8342 val_acc=69.98% ECE=0.0539
Epoch 2/50 | train_loss=0.8261 train_acc=70.30% | val_loss=0.7754 val_acc=72.74% ECE=0.0375
Epoch 3/50 | train_loss=0.7824 train_acc=71.94% | val_loss=0.7187 val_acc=74.48% ECE=0.0237
Epoch 4/50 | train_loss=0.7397 train_acc=73.39% | val_loss=0.7463 val_acc=71.63% ECE=0.0328
Epoch 5/50 | train_loss=0.7180 train_acc=74.56% | val_loss=0.6763 val_acc=74.99% ECE=0.0322
Epoch 6/50 | train_loss=0.7024 train_acc=74.88% | val_loss=0.6924 val_acc=74.85% ECE=0.0234
Epoch 7/50 | train_loss=0.6848 train_acc=75.49% | val_loss=0.6597 val_acc=76.32% ECE=0.0239
Epoch 8/50 | train_loss=0.6745 train_acc=75.77% | val_loss=0.6610 val_acc=76.18% ECE=0.0196
Epoch 9/50 | train_loss=0.6667 train_acc=76.15% | val_loss=0.6328 val_acc=76.78% ECE=0.0306
Epoch 10/50 | train_loss=0.6528 train_acc=76.99% | val_loss=0.6498 val_acc=77.01% ECE=0.0672
Epoch 11/50 | train_loss=0.6455 train_acc=77.06% | val_loss=0.6334 val_acc=77.61% ECE=0.0447
Epoch 12/50 | train_loss=0.6389 train_acc=77.37% | val_loss=0.6250 val_acc=77.29% ECE=0.0336
Epoch 13/50 | train_loss=0.6271 train_acc=77.53% | val_loss=0.5950 val_acc=78.71% ECE=0.0150
Epoch 14/50 | train_loss=0.6210 train_acc=78.05% | val_loss=0.5918 val_acc=78.94% ECE=0.0166
Epoch 15/50 | train_loss=0.6041 train_acc=78.54% | val_loss=0.5822 val_acc=79.91% ECE=0.0208
Epoch 16/50 | train_loss=0.5997 train_acc=78.96% | val_loss=0.5697 val_acc=79.31% ECE=0.0138
Epoch 17/50 | train_loss=0.5887 train_acc=78.85% | val_loss=0.5901 val_acc=78.80% ECE=0.0236
Epoch 18/50 | train_loss=0.5825 train_acc=79.35% | val_loss=0.5538 val_acc=80.00% ECE=0.0336
Epoch 19/50 | train_loss=0.5711 train_acc=79.86% | val_loss=0.5716 val_acc=79.91% ECE=0.0271
Epoch 20/50 | train_loss=0.5617 train_acc=80.14% | val_loss=0.5447 val_acc=80.18% ECE=0.0212
Epoch 21/50 | train_loss=0.5571 train_acc=80.22% | val_loss=0.5294 val_acc=81.01% ECE=0.0183
Epoch 22/50 | train_loss=0.5441 train_acc=80.52% | val_loss=0.5171 val_acc=81.10% ECE=0.0142
Epoch 23/50 | train_loss=0.5375 train_acc=81.10% | val_loss=0.5191 val_acc=80.87% ECE=0.0304
Epoch 24/50 | train_loss=0.5273 train_acc=81.40% | val_loss=0.5022 val_acc=81.75% ECE=0.0279
Epoch 25/50 | train_loss=0.5130 train_acc=81.96% | val_loss=0.4694 val_acc=82.99% ECE=0.0198
Epoch 26/50 | train_loss=0.5075 train_acc=81.98% | val_loss=0.4788 val_acc=82.21% ECE=0.0320
Early stopping at epoch 26
[chapman] 患者级四分割: train(12143p/12143r) val(2025p/2025r) cal(2025p/2025r) test(4050p/4050r)
[chapman] 标签分布(test): {'STTC': 2820, 'NORM': 953, 'CD': 163, 'HYP': 92, 'MI': 22}
  [ts] OOD bootstrap推断中... (B=10000, method=percentile, metric=gpu)
  [ts] ID bootstrap推断中...
[ts       ] ID ΔECE=+0.0239 [+0.0129,+0.0327] | OOD ΔECE=+0.0286 [+0.0221,+0.0344] | decay=+0.0047
  [platt] OOD bootstrap推断中... (B=10000, method=percentile, metric=gpu)
  [platt] ID bootstrap推断中...
[platt    ] ID ΔECE=+0.0240 [+0.0132,+0.0315] | OOD ΔECE=+0.0384 [+0.0335,+0.0420] | decay=+0.0145
  [isotonic] OOD bootstrap推断中... (B=10000, method=percentile, metric=gpu)
  [isotonic] ID bootstrap推断中...
[isotonic ] ID ΔECE=+0.0186 [+0.0070,+0.0280] | OOD ΔECE=+0.0204 [+0.0109,+0.0301] | decay=+0.0017
  [vector] OOD bootstrap推断中... (B=10000, method=percentile, metric=gpu)
  [vector] ID bootstrap推断中...
[vector   ] ID ΔECE=+0.0252 [+0.0149,+0.0330] | OOD ΔECE=+0.0391 [+0.0333,+0.0437] | decay=+0.0138
  [matrix] OOD bootstrap推断中... (B=10000, method=percentile, metric=gpu)
  [matrix] ID bootstrap推断中...
[matrix   ] ID ΔECE=+0.0270 [+0.0181,+0.0338] | OOD ΔECE=+0.0250 [+0.0182,+0.0307] | decay=-0.0020
  [dirichlet] OOD bootstrap推断中... (B=10000, method=percentile, metric=gpu)
  [dirichlet] ID bootstrap推断中...
[dirichlet] ID ΔECE=+0.0270 [+0.0184,+0.0338] | OOD ΔECE=+0.0251 [+0.0184,+0.0309] | decay=-0.0019
  [em_prior] π̂_target=[0.228 0.156 0.597 0.019 0.   ] (π_train=[0.399 0.25  0.219 0.104 0.027])
  [em_prior] w=π̂/π_train=[0.57 0.62 2.72 0.18 0.  ]
  [em_prior] [sanity] π̂_ID=[0.489 0.272 0.178 0.062 0.   ] w_ID=[1.22 1.09 0.81 0.6  0.  ] (≈1 if no shift)
  [em_prior] OOD bootstrap推断中... (B=10000, method=percentile, metric=gpu)
  [em_prior] ID bootstrap推断中...
[em_prior ] ID ΔECE=+0.0026 [-0.0056,+0.0108] | OOD ΔECE=+0.0801 [+0.0667,+0.0933] | decay=+0.0775
  [bbse_prior] π̂_target=[0.137 0.121 0.702 0.04  0.   ] (π_train=[0.399 0.25  0.219 0.104 0.027])
  [bbse_prior] w=π̂/π_train=[0.34 0.48 3.2  0.39 0.  ]
  [bbse_prior] cond(C)=60.7 rank=5/5
  [bbse_prior] [sanity] π̂_ID=[0.386 0.249 0.209 0.103 0.053] w_ID=[0.97 0.99 0.96 0.99 1.94] (≈1 if no shift)
  [bbse_prior] OOD bootstrap推断中... (B=10000, method=percentile, metric=gpu)
  [bbse_prior] ID bootstrap推断中...
[bbse_prior] ID ΔECE=+0.0177 [+0.0081,+0.0275] | OOD ΔECE=+0.0910 [+0.0767,+0.1051] | decay=+0.0733

Saved to checkpoints\transfer\ptbxl_chapman\resnet1d\seed46\transfer_result.json

============================================================
S1 跨库主终点汇总 (ID→OOD ΔECE 衰减)
============================================================
  ts        decay均值=+0.0047 sd=0.0000 (n=1 seed)
  platt     decay均值=+0.0145 sd=0.0000 (n=1 seed)
  isotonic  decay均值=+0.0017 sd=0.0000 (n=1 seed)
  vector    decay均值=+0.0138 sd=0.0000 (n=1 seed)
  matrix    decay均值=-0.0020 sd=0.0000 (n=1 seed)
  dirichlet decay均值=-0.0019 sd=0.0000 (n=1 seed)
  em_prior  decay均值=+0.0775 sd=0.0000 (n=1 seed)
  bbse_prior decay均值=+0.0733 sd=0.0000 (n=1 seed)
Aggregate -> checkpoints\transfer\ptbxl_chapman\resnet1d\aggregate.json
