[ptbxl] 子空间降级: 保留21048条 (子空间('CD', 'MI', 'NORM', 'STTC'))，剔除474条 (分布{'HYP': 474})
[ptbxl] 患者级四分割: train(12724p/16829r) val(1818p/2122r) cal(1873p/2099r) test(1839p/2120r)
[ptbxl] 标签分布(test): {'NORM': 866, 'MI': 550, 'STTC': 479, 'CD': 225}
Epoch 1/50 | train_loss=0.8903 train_acc=65.99% | val_loss=0.7538 val_acc=70.92% ECE=0.0215
Epoch 2/50 | train_loss=0.7387 train_acc=72.30% | val_loss=0.7166 val_acc=73.85% ECE=0.0329
Epoch 3/50 | train_loss=0.6861 train_acc=74.29% | val_loss=0.6949 val_acc=75.49% ECE=0.0665
Epoch 4/50 | train_loss=0.6611 train_acc=74.86% | val_loss=0.6111 val_acc=77.33% ECE=0.0277
Epoch 5/50 | train_loss=0.6431 train_acc=75.61% | val_loss=0.6714 val_acc=75.54% ECE=0.0775
Epoch 6/50 | train_loss=0.6264 train_acc=76.34% | val_loss=0.5639 val_acc=78.79% ECE=0.0222
Epoch 7/50 | train_loss=0.6119 train_acc=76.94% | val_loss=0.5474 val_acc=79.12% ECE=0.0167
Epoch 8/50 | train_loss=0.5965 train_acc=77.54% | val_loss=0.5543 val_acc=79.83% ECE=0.0408
Epoch 9/50 | train_loss=0.5856 train_acc=77.96% | val_loss=0.5292 val_acc=80.16% ECE=0.0181
Epoch 10/50 | train_loss=0.5758 train_acc=78.79% | val_loss=0.5460 val_acc=79.59% ECE=0.0126
Epoch 11/50 | train_loss=0.5659 train_acc=78.84% | val_loss=0.5355 val_acc=79.41% ECE=0.0147
Epoch 12/50 | train_loss=0.5565 train_acc=79.29% | val_loss=0.5554 val_acc=79.26% ECE=0.0394
Epoch 13/50 | train_loss=0.5496 train_acc=79.27% | val_loss=0.5102 val_acc=81.06% ECE=0.0322
Epoch 14/50 | train_loss=0.5418 train_acc=79.73% | val_loss=0.5226 val_acc=80.63% ECE=0.0111
Epoch 15/50 | train_loss=0.5353 train_acc=79.98% | val_loss=0.4786 val_acc=81.43% ECE=0.0201
Epoch 16/50 | train_loss=0.5229 train_acc=80.23% | val_loss=0.4720 val_acc=82.19% ECE=0.0222
Epoch 17/50 | train_loss=0.5167 train_acc=80.74% | val_loss=0.4908 val_acc=81.53% ECE=0.0321
Epoch 18/50 | train_loss=0.5110 train_acc=80.96% | val_loss=0.4648 val_acc=82.09% ECE=0.0203
Epoch 19/50 | train_loss=0.5013 train_acc=81.41% | val_loss=0.4863 val_acc=81.15% ECE=0.0148
Epoch 20/50 | train_loss=0.4879 train_acc=81.92% | val_loss=0.4469 val_acc=83.22% ECE=0.0098
Epoch 21/50 | train_loss=0.4828 train_acc=81.92% | val_loss=0.4348 val_acc=83.41% ECE=0.0213
Epoch 22/50 | train_loss=0.4734 train_acc=82.43% | val_loss=0.4383 val_acc=83.46% ECE=0.0137
Epoch 23/50 | train_loss=0.4669 train_acc=82.50% | val_loss=0.4169 val_acc=84.21% ECE=0.0175
Epoch 24/50 | train_loss=0.4490 train_acc=83.52% | val_loss=0.4100 val_acc=85.11% ECE=0.0323
Epoch 25/50 | train_loss=0.4415 train_acc=83.62% | val_loss=0.3730 val_acc=86.24% ECE=0.0128
Epoch 26/50 | train_loss=0.4263 train_acc=84.29% | val_loss=0.3627 val_acc=86.66% ECE=0.0147
Epoch 27/50 | train_loss=0.4201 train_acc=84.41% | val_loss=0.3513 val_acc=86.85% ECE=0.0194
Epoch 28/50 | train_loss=0.4024 train_acc=85.01% | val_loss=0.3563 val_acc=86.24% ECE=0.0135
Epoch 29/50 | train_loss=0.3937 train_acc=85.29% | val_loss=0.3246 val_acc=87.84% ECE=0.0058
Epoch 30/50 | train_loss=0.3767 train_acc=86.20% | val_loss=0.3127 val_acc=88.83% ECE=0.0123
Epoch 31/50 | train_loss=0.3701 train_acc=86.57% | val_loss=0.2952 val_acc=89.40% ECE=0.0166
Epoch 32/50 | train_loss=0.3457 train_acc=87.14% | val_loss=0.2780 val_acc=89.92% ECE=0.0093
Epoch 33/50 | train_loss=0.3330 train_acc=88.23% | val_loss=0.2724 val_acc=90.06% ECE=0.0135
Epoch 34/50 | train_loss=0.3163 train_acc=88.59% | val_loss=0.2394 val_acc=91.38% ECE=0.0220
Epoch 35/50 | train_loss=0.2954 train_acc=89.48% | val_loss=0.2342 val_acc=91.47% ECE=0.0118
Epoch 36/50 | train_loss=0.2807 train_acc=90.07% | val_loss=0.1875 val_acc=94.16% ECE=0.0231
Epoch 37/50 | train_loss=0.2605 train_acc=90.69% | val_loss=0.2131 val_acc=92.74% ECE=0.0070
Epoch 38/50 | train_loss=0.2451 train_acc=91.63% | val_loss=0.1494 val_acc=95.24% ECE=0.0124
Epoch 39/50 | train_loss=0.2199 train_acc=92.60% | val_loss=0.1375 val_acc=95.90% ECE=0.0102
Early stopping at epoch 39
[cpsc] 子空间降级: 保留10285条 (子空间('CD', 'MI', 'NORM', 'STTC'))，剔除11条 (分布{'HYP': 11})
[cpsc] 患者级四分割: train(6172p/6172r) val(1029p/1029r) cal(1027p/1027r) test(2057p/2057r)
[cpsc] 标签分布(test): {'STTC': 1086, 'CD': 485, 'MI': 303, 'NORM': 183}
  [ts] OOD bootstrap推断中... (B=10000, method=percentile, metric=gpu)
  [ts] ID bootstrap推断中...
[ts       ] ID ΔECE=+0.0635 [+0.0478,+0.0767] | OOD ΔECE=+0.0826 [+0.0772,+0.0855] | decay=+0.0191
  [platt] OOD bootstrap推断中... (B=10000, method=percentile, metric=gpu)
  [platt] ID bootstrap推断中...
[platt    ] ID ΔECE=+0.0597 [+0.0452,+0.0719] | OOD ΔECE=+0.0812 [+0.0768,+0.0848] | decay=+0.0215
  [isotonic] OOD bootstrap推断中... (B=10000, method=percentile, metric=gpu)
  [isotonic] ID bootstrap推断中...
[isotonic ] ID ΔECE=+0.0581 [+0.0413,+0.0723] | OOD ΔECE=+0.0846 [+0.0805,+0.0886] | decay=+0.0264
  [vector] OOD bootstrap推断中... (B=10000, method=percentile, metric=gpu)
  [vector] ID bootstrap推断中...
[vector   ] ID ΔECE=+0.0583 [+0.0438,+0.0695] | OOD ΔECE=+0.0886 [+0.0847,+0.0929] | decay=+0.0303
  [matrix] OOD bootstrap推断中... (B=10000, method=percentile, metric=gpu)
  [matrix] ID bootstrap推断中...
[matrix   ] ID ΔECE=+0.0568 [+0.0418,+0.0694] | OOD ΔECE=+0.0922 [+0.0882,+0.0964] | decay=+0.0354
  [dirichlet] OOD bootstrap推断中... (B=10000, method=percentile, metric=gpu)
  [dirichlet] ID bootstrap推断中...
[dirichlet] ID ΔECE=+0.0568 [+0.0418,+0.0695] | OOD ΔECE=+0.0921 [+0.0882,+0.0964] | decay=+0.0353
  [em_prior] π̂_target=[0.181 0.168 0.328 0.323] (π_train=[0.411 0.107 0.225 0.257])
  [em_prior] w=π̂/π_train=[0.44 1.58 1.46 1.25]
  [em_prior] [sanity] π̂_ID=[0.438 0.091 0.192 0.279] w_ID=[1.07 0.85 0.85 1.09] (≈1 if no shift)
  [em_prior] OOD bootstrap推断中... (B=10000, method=percentile, metric=gpu)
  [em_prior] ID bootstrap推断中...
[em_prior ] ID ΔECE=+0.0204 [+0.0122,+0.0266] | OOD ΔECE=+0.0195 [+0.0105,+0.0291] | decay=-0.0008
  [bbse_prior] π̂_target=[0.127 0.199 0.382 0.292] (π_train=[0.411 0.107 0.225 0.257])
  [bbse_prior] w=π̂/π_train=[0.31 1.87 1.69 1.14]
  [bbse_prior] cond(C)=2.2 rank=4/4
  [bbse_prior] [sanity] π̂_ID=[0.422 0.102 0.215 0.261] w_ID=[1.03 0.96 0.95 1.02] (≈1 if no shift)
  [bbse_prior] OOD bootstrap推断中... (B=10000, method=percentile, metric=gpu)
  [bbse_prior] ID bootstrap推断中...
[bbse_prior] ID ΔECE=+0.0313 [+0.0211,+0.0398] | OOD ΔECE=+0.0316 [+0.0203,+0.0438] | decay=+0.0003

Saved to checkpoints\transfer\ptbxl_cpsc\resnet1d\seed44\transfer_result.json

============================================================
S1 跨库主终点汇总 (ID→OOD ΔECE 衰减)
============================================================
  ts        decay均值=+0.0191 sd=0.0000 (n=1 seed)
  platt     decay均值=+0.0215 sd=0.0000 (n=1 seed)
  isotonic  decay均值=+0.0264 sd=0.0000 (n=1 seed)
  vector    decay均值=+0.0303 sd=0.0000 (n=1 seed)
  matrix    decay均值=+0.0354 sd=0.0000 (n=1 seed)
  dirichlet decay均值=+0.0353 sd=0.0000 (n=1 seed)
  em_prior  decay均值=-0.0008 sd=0.0000 (n=1 seed)
  bbse_prior decay均值=+0.0003 sd=0.0000 (n=1 seed)
Aggregate -> checkpoints\transfer\ptbxl_cpsc\resnet1d\aggregate.json
