[ptbxl] 子空间降级: 保留21048条 (子空间('CD', 'MI', 'NORM', 'STTC'))，剔除474条 (分布{'HYP': 474})
[ptbxl] 患者级四分割: train(12724p/16829r) val(1818p/2116r) cal(1873p/2099r) test(1839p/2120r)
[ptbxl] 标签分布(test): {'NORM': 866, 'MI': 550, 'STTC': 479, 'CD': 225}
Epoch 1/50 | train_loss=0.8816 train_acc=65.97% | val_loss=0.7373 val_acc=71.93% ECE=0.0233
Epoch 2/50 | train_loss=0.7403 train_acc=71.93% | val_loss=0.6502 val_acc=74.24% ECE=0.0315
Epoch 3/50 | train_loss=0.6866 train_acc=74.02% | val_loss=0.6337 val_acc=76.09% ECE=0.0220
Epoch 4/50 | train_loss=0.6655 train_acc=75.00% | val_loss=0.6399 val_acc=75.71% ECE=0.0252
Epoch 5/50 | train_loss=0.6441 train_acc=75.68% | val_loss=0.6147 val_acc=77.22% ECE=0.0293
Epoch 6/50 | train_loss=0.6200 train_acc=76.74% | val_loss=0.5738 val_acc=78.69% ECE=0.0393
Epoch 7/50 | train_loss=0.6084 train_acc=77.19% | val_loss=0.5589 val_acc=78.31% ECE=0.0131
Epoch 8/50 | train_loss=0.5899 train_acc=77.83% | val_loss=0.5730 val_acc=78.92% ECE=0.0408
Epoch 9/50 | train_loss=0.5833 train_acc=78.22% | val_loss=0.5635 val_acc=78.07% ECE=0.0092
Epoch 10/50 | train_loss=0.5759 train_acc=78.49% | val_loss=0.5355 val_acc=79.58% ECE=0.0216
Epoch 11/50 | train_loss=0.5614 train_acc=78.88% | val_loss=0.5326 val_acc=80.15% ECE=0.0132
Epoch 12/50 | train_loss=0.5546 train_acc=79.16% | val_loss=0.5314 val_acc=79.96% ECE=0.0149
Epoch 13/50 | train_loss=0.5473 train_acc=79.60% | val_loss=0.5241 val_acc=80.77% ECE=0.0235
Epoch 14/50 | train_loss=0.5421 train_acc=79.86% | val_loss=0.5600 val_acc=78.45% ECE=0.0529
Epoch 15/50 | train_loss=0.5309 train_acc=80.00% | val_loss=0.5107 val_acc=80.58% ECE=0.0523
Epoch 16/50 | train_loss=0.5227 train_acc=80.49% | val_loss=0.4784 val_acc=80.81% ECE=0.0262
Epoch 17/50 | train_loss=0.5128 train_acc=80.73% | val_loss=0.4922 val_acc=81.19% ECE=0.0209
Epoch 18/50 | train_loss=0.5059 train_acc=80.85% | val_loss=0.4760 val_acc=81.85% ECE=0.0147
Epoch 19/50 | train_loss=0.5046 train_acc=81.13% | val_loss=0.4967 val_acc=80.91% ECE=0.0451
Early stopping at epoch 19
[cpsc] 子空间降级: 保留10285条 (子空间('CD', 'MI', 'NORM', 'STTC'))，剔除11条 (分布{'HYP': 11})
[cpsc] 患者级四分割: train(6172p/6172r) val(1029p/1029r) cal(1027p/1027r) test(2057p/2057r)
[cpsc] 标签分布(test): {'STTC': 1086, 'CD': 485, 'MI': 303, 'NORM': 183}
  [ts] OOD bootstrap推断中... (B=10000, method=percentile, metric=gpu)
  [ts] ID bootstrap推断中...
[ts       ] ID ΔECE=+0.0001 [-0.0010,+0.0009] | OOD ΔECE=+0.0016 [+0.0015,+0.0017] | decay=+0.0015
  [platt] OOD bootstrap推断中... (B=10000, method=percentile, metric=gpu)
  [platt] ID bootstrap推断中...
[platt    ] ID ΔECE=+0.0051 [+0.0010,+0.0087] | OOD ΔECE=+0.0007 [-0.0039,+0.0057] | decay=-0.0044
  [isotonic] OOD bootstrap推断中... (B=10000, method=percentile, metric=gpu)
  [isotonic] ID bootstrap推断中...
[isotonic ] ID ΔECE=-0.0049 [-0.0100,+0.0010] | OOD ΔECE=-0.0026 [-0.0071,+0.0031] | decay=+0.0023
  [vector] OOD bootstrap推断中... (B=10000, method=percentile, metric=gpu)
  [vector] ID bootstrap推断中...
[vector   ] ID ΔECE=+0.0064 [-0.0044,+0.0151] | OOD ΔECE=+0.0047 [-0.0027,+0.0130] | decay=-0.0017
  [matrix] OOD bootstrap推断中... (B=10000, method=percentile, metric=gpu)
  [matrix] ID bootstrap推断中...
[matrix   ] ID ΔECE=+0.0027 [-0.0064,+0.0109] | OOD ΔECE=+0.0123 [+0.0060,+0.0190] | decay=+0.0096
  [dirichlet] OOD bootstrap推断中... (B=10000, method=percentile, metric=gpu)
  [dirichlet] ID bootstrap推断中...
[dirichlet] ID ΔECE=+0.0027 [-0.0062,+0.0109] | OOD ΔECE=+0.0123 [+0.0059,+0.0191] | decay=+0.0096
  [em_prior] π̂_target=[0.101 0.135 0.405 0.359] (π_train=[0.411 0.107 0.225 0.257])
  [em_prior] w=π̂/π_train=[0.25 1.27 1.8  1.39]
  [em_prior] [sanity] π̂_ID=[0.362 0.065 0.23  0.344] w_ID=[0.88 0.61 1.02 1.34] (≈1 if no shift)
  [em_prior] OOD bootstrap推断中... (B=10000, method=percentile, metric=gpu)
  [em_prior] ID bootstrap推断中...
[em_prior ] ID ΔECE=+0.0414 [+0.0277,+0.0504] | OOD ΔECE=+0.0192 [+0.0063,+0.0333] | decay=-0.0223
  [bbse_prior] π̂_target=[0.124 0.186 0.411 0.279] (π_train=[0.411 0.107 0.225 0.257])
  [bbse_prior] w=π̂/π_train=[0.3  1.74 1.82 1.08]
  [bbse_prior] cond(C)=2.8 rank=4/4
  [bbse_prior] [sanity] π̂_ID=[0.411 0.096 0.227 0.267] w_ID=[1.   0.9  1.01 1.04] (≈1 if no shift)
  [bbse_prior] OOD bootstrap推断中... (B=10000, method=percentile, metric=gpu)
  [bbse_prior] ID bootstrap推断中...
[bbse_prior] ID ΔECE=+0.0273 [+0.0085,+0.0422] | OOD ΔECE=+0.0412 [+0.0254,+0.0575] | decay=+0.0138

Saved to checkpoints\transfer\ptbxl_cpsc\resnet1d\seed45\transfer_result.json

============================================================
S1 跨库主终点汇总 (ID→OOD ΔECE 衰减)
============================================================
  ts        decay均值=+0.0015 sd=0.0000 (n=1 seed)
  platt     decay均值=-0.0044 sd=0.0000 (n=1 seed)
  isotonic  decay均值=+0.0023 sd=0.0000 (n=1 seed)
  vector    decay均值=-0.0017 sd=0.0000 (n=1 seed)
  matrix    decay均值=+0.0096 sd=0.0000 (n=1 seed)
  dirichlet decay均值=+0.0096 sd=0.0000 (n=1 seed)
  em_prior  decay均值=-0.0223 sd=0.0000 (n=1 seed)
  bbse_prior decay均值=+0.0138 sd=0.0000 (n=1 seed)
Aggregate -> checkpoints\transfer\ptbxl_cpsc\resnet1d\aggregate.json
