[chapman] 患者级四分割: train(12143p/12143r) val(2025p/2025r) cal(2025p/2025r) test(4050p/4050r)
[chapman] 标签分布(test): {'STTC': 2820, 'NORM': 953, 'CD': 163, 'HYP': 92, 'MI': 22}
Epoch 1/50 | train_loss=0.5753 train_acc=80.42% | val_loss=0.4586 val_acc=84.94% ECE=0.0525
Epoch 2/50 | train_loss=0.4640 train_acc=84.69% | val_loss=0.4328 val_acc=84.59% ECE=0.0211
Epoch 3/50 | train_loss=0.4262 train_acc=85.97% | val_loss=0.3956 val_acc=86.86% ECE=0.0296
Epoch 4/50 | train_loss=0.4062 train_acc=86.42% | val_loss=0.4076 val_acc=86.32% ECE=0.0247
Epoch 5/50 | train_loss=0.3951 train_acc=86.82% | val_loss=0.3817 val_acc=87.36% ECE=0.0156
Epoch 6/50 | train_loss=0.3864 train_acc=87.33% | val_loss=0.3843 val_acc=86.72% ECE=0.0138
Epoch 7/50 | train_loss=0.3756 train_acc=87.71% | val_loss=0.3637 val_acc=87.41% ECE=0.0145
Epoch 8/50 | train_loss=0.3658 train_acc=87.84% | val_loss=0.3832 val_acc=87.36% ECE=0.0466
Epoch 9/50 | train_loss=0.3615 train_acc=88.24% | val_loss=0.3550 val_acc=88.20% ECE=0.0248
Epoch 10/50 | train_loss=0.3532 train_acc=88.37% | val_loss=0.3531 val_acc=88.69% ECE=0.0141
Epoch 11/50 | train_loss=0.3419 train_acc=88.56% | val_loss=0.4102 val_acc=87.21% ECE=0.0568
Epoch 12/50 | train_loss=0.3407 train_acc=88.56% | val_loss=0.3321 val_acc=88.69% ECE=0.0108
Epoch 13/50 | train_loss=0.3316 train_acc=88.89% | val_loss=0.3525 val_acc=88.49% ECE=0.0341
Epoch 14/50 | train_loss=0.3275 train_acc=88.79% | val_loss=0.3252 val_acc=88.59% ECE=0.0292
Epoch 15/50 | train_loss=0.3211 train_acc=89.09% | val_loss=0.3354 val_acc=88.54% ECE=0.0217
Epoch 16/50 | train_loss=0.3143 train_acc=89.23% | val_loss=0.3458 val_acc=88.79% ECE=0.0292
Epoch 17/50 | train_loss=0.3080 train_acc=89.48% | val_loss=0.3341 val_acc=88.44% ECE=0.0317
Epoch 18/50 | train_loss=0.3046 train_acc=89.53% | val_loss=0.3256 val_acc=89.14% ECE=0.0189
Epoch 19/50 | train_loss=0.2945 train_acc=89.80% | val_loss=0.3270 val_acc=88.35% ECE=0.0321
Epoch 20/50 | train_loss=0.2898 train_acc=89.95% | val_loss=0.3262 val_acc=88.35% ECE=0.0250
Epoch 21/50 | train_loss=0.2856 train_acc=90.07% | val_loss=0.3337 val_acc=88.64% ECE=0.0475
Epoch 22/50 | train_loss=0.2773 train_acc=90.35% | val_loss=0.3337 val_acc=88.64% ECE=0.0386
Early stopping at epoch 22
[ptbxl] 患者级四分割: train(13006p/17192r) val(1859p/2162r) cal(1921p/2158r) test(1885p/2172r)
[ptbxl] 标签分布(test): {'NORM': 866, 'MI': 550, 'STTC': 479, 'CD': 225, 'HYP': 52}
  [ts] OOD bootstrap推断中... (B=10000, method=percentile, metric=gpu)
  [ts] ID bootstrap推断中...
[ts       ] ID ΔECE=+0.0059 [+0.0005,+0.0081] | OOD ΔECE=+0.0172 [+0.0168,+0.0176] | decay=+0.0113
  [platt] OOD bootstrap推断中... (B=10000, method=percentile, metric=gpu)
  [platt] ID bootstrap推断中...
[platt    ] ID ΔECE=+0.0055 [+0.0002,+0.0079] | OOD ΔECE=+0.0160 [+0.0147,+0.0178] | decay=+0.0105
  [isotonic] OOD bootstrap推断中... (B=10000, method=percentile, metric=gpu)
  [isotonic] ID bootstrap推断中...
[isotonic ] ID ΔECE=+0.0029 [-0.0026,+0.0061] | OOD ΔECE=+0.0156 [+0.0132,+0.0179] | decay=+0.0127
  [vector] OOD bootstrap推断中... (B=10000, method=percentile, metric=gpu)
  [vector] ID bootstrap推断中...
[vector   ] ID ΔECE=+0.0064 [+0.0013,+0.0099] | OOD ΔECE=+0.0208 [+0.0184,+0.0237] | decay=+0.0143
D:\A1\ecg-lab-v2\src\utils\calibration_methods.py:171: UserWarning: fit_matrix_scaling: 优化未收敛(status=1)，返回None
  warnings.warn(f"fit_matrix_scaling: 优化未收敛(status={res.status})，返回None")
  [matrix] OOD bootstrap推断中... (B=10000, method=percentile, metric=gpu)
  [matrix] ID bootstrap推断中...
[matrix   ] ID ΔECE=+0.0000 [+0.0000,+0.0000] | OOD ΔECE=+0.0000 [+0.0000,+0.0000] | decay=+0.0000
  [dirichlet] OOD bootstrap推断中... (B=10000, method=percentile, metric=gpu)
  [dirichlet] ID bootstrap推断中...
[dirichlet] ID ΔECE=+0.0067 [+0.0018,+0.0103] | OOD ΔECE=+0.0086 [+0.0060,+0.0111] | decay=+0.0019
  [em_prior] π̂_target=[0.526 0.341 0.11  0.023 0.   ] (π_train=[0.236 0.005 0.696 0.04  0.023])
  [em_prior] w=π̂/π_train=[ 2.23 62.84  0.16  0.57  0.  ]
  [em_prior] [sanity] π̂_ID=[0.248 0.052 0.673 0.027 0.   ] w_ID=[1.05 9.52 0.97 0.68 0.  ] (≈1 if no shift)
  [em_prior] OOD bootstrap推断中... (B=10000, method=percentile, metric=gpu)
  [em_prior] ID bootstrap推断中...
[em_prior ] ID ΔECE=+0.1061 [+0.0899,+0.1214] | OOD ΔECE=-0.0456 [-0.0576,-0.0331] | decay=-0.1517
  [bbse_prior] π̂_target=[0.508 0.084 0.352 0.057 0.   ] (π_train=[0.236 0.005 0.696 0.04  0.023])
  [bbse_prior] w=π̂/π_train=[ 2.16 15.38  0.51  1.42  0.  ]
  [bbse_prior] cond(C)=27.5 rank=5/5
  [bbse_prior] [sanity] π̂_ID=[0.256 0.    0.703 0.041 0.   ] w_ID=[1.08 0.   1.01 1.03 0.  ] (≈1 if no shift)
  [bbse_prior] OOD bootstrap推断中... (B=10000, method=percentile, metric=gpu)
  [bbse_prior] ID bootstrap推断中...
[bbse_prior] ID ΔECE=+0.0280 [+0.0230,+0.0340] | OOD ΔECE=-0.0093 [-0.0199,+0.0016] | decay=-0.0373

Saved to checkpoints\transfer\chapman_ptbxl\resnet1d\seed44\transfer_result.json

============================================================
S1 跨库主终点汇总 (ID→OOD ΔECE 衰减)
============================================================
  ts        decay均值=+0.0113 sd=0.0000 (n=1 seed)
  platt     decay均值=+0.0105 sd=0.0000 (n=1 seed)
  isotonic  decay均值=+0.0127 sd=0.0000 (n=1 seed)
  vector    decay均值=+0.0143 sd=0.0000 (n=1 seed)
  matrix    decay均值=+0.0000 sd=0.0000 (n=1 seed)
  dirichlet decay均值=+0.0019 sd=0.0000 (n=1 seed)
  em_prior  decay均值=-0.1517 sd=0.0000 (n=1 seed)
  bbse_prior decay均值=-0.0373 sd=0.0000 (n=1 seed)
Aggregate -> checkpoints\transfer\chapman_ptbxl\resnet1d\aggregate.json
