[cpsc] 子空间降级: 保留10285条 (子空间('CD', 'MI', 'NORM', 'STTC'))，剔除11条 (分布{'HYP': 11})
[cpsc] 患者级四分割: train(6172p/6172r) val(1029p/1029r) cal(1027p/1027r) test(2057p/2057r)
[cpsc] 标签分布(test): {'STTC': 1086, 'CD': 485, 'MI': 303, 'NORM': 183}
Loaded checkpoint checkpoints\transfer\cpsc_ptbxl\inceptiontime\seed43\best_model.pt (epoch 12, val_ece=0.0203)
[ptbxl] 子空间降级: 保留21048条 (子空间('CD', 'MI', 'NORM', 'STTC'))，剔除474条 (分布{'HYP': 474})
[ptbxl] 患者级四分割: train(12724p/16829r) val(1818p/2073r) cal(1873p/2099r) test(1839p/2120r)
[ptbxl] 标签分布(test): {'NORM': 866, 'MI': 550, 'STTC': 479, 'CD': 225}
  [ts] OOD bootstrap推断中... (B=200, method=percentile, metric=gpu)
  [ts] ID bootstrap推断中...
[ts       ] ID ΔECE=-0.0012 [-0.0191,+0.0154] | OOD ΔECE=+0.0203 [+0.0198,+0.0207] | decay=+0.0215
  [platt] OOD bootstrap推断中... (B=200, method=percentile, metric=gpu)
  [platt] ID bootstrap推断中...
[platt    ] ID ΔECE=-0.0087 [-0.0177,+0.0048] | OOD ΔECE=+0.0009 [-0.0033,+0.0050] | decay=+0.0096
  [isotonic] OOD bootstrap推断中... (B=200, method=percentile, metric=gpu)
  [isotonic] ID bootstrap推断中...
[isotonic ] ID ΔECE=-0.0222 [-0.0296,-0.0066] | OOD ΔECE=-0.0100 [-0.0152,-0.0056] | decay=+0.0122
  [vector] OOD bootstrap推断中... (B=200, method=percentile, metric=gpu)
  [vector] ID bootstrap推断中...
[vector   ] ID ΔECE=-0.0226 [-0.0313,-0.0056] | OOD ΔECE=-0.0028 [-0.0079,+0.0025] | decay=+0.0198
  [matrix] OOD bootstrap推断中... (B=200, method=percentile, metric=gpu)
  [matrix] ID bootstrap推断中...
[matrix   ] ID ΔECE=-0.0317 [-0.0393,-0.0108] | OOD ΔECE=-0.0204 [-0.0260,-0.0150] | decay=+0.0113
  [dirichlet] OOD bootstrap推断中... (B=200, method=percentile, metric=gpu)
  [dirichlet] ID bootstrap推断中...
[dirichlet] ID ΔECE=-0.0318 [-0.0397,-0.0155] | OOD ΔECE=-0.0208 [-0.0265,-0.0141] | decay=+0.0110
  [em_prior] π̂_target=[0.    0.    0.171 0.829] (π_train=[0.089 0.236 0.529 0.147])
  [em_prior] w=π̂/π_train=[0.   0.   0.32 5.64]
  [em_prior] [sanity] π̂_ID=[0.    0.105 0.473 0.422] w_ID=[0.   0.45 0.89 2.87] (≈1 if no shift)
  [em_prior] OOD bootstrap推断中... (B=200, method=percentile, metric=gpu)
  [em_prior] ID bootstrap推断中...
[em_prior ] ID ΔECE=-0.2111 [-0.2292,-0.1900] | OOD ΔECE=-0.1584 [-0.1710,-0.1450] | decay=+0.0527
  [bbse_prior] π̂_target=[0.084 0.089 0.5   0.327] (π_train=[0.089 0.236 0.529 0.147])
  [bbse_prior] w=π̂/π_train=[0.94 0.38 0.95 2.23]
  [bbse_prior] cond(C)=6.9 rank=4/4
  [bbse_prior] [sanity] π̂_ID=[0.099 0.226 0.501 0.174] w_ID=[1.12 0.96 0.95 1.18] (≈1 if no shift)
  [bbse_prior] OOD bootstrap推断中... (B=200, method=percentile, metric=gpu)
  [bbse_prior] ID bootstrap推断中...
[bbse_prior] ID ΔECE=-0.0826 [-0.0930,-0.0674] | OOD ΔECE=-0.0083 [-0.0157,-0.0012] | decay=+0.0743

Saved to checkpoints\transfer\cpsc_ptbxl\inceptiontime\seed43\transfer_result.json

============================================================
S1 跨库主终点汇总 (ID→OOD ΔECE 衰减)
============================================================
  ts        decay均值=+0.0215 sd=0.0000 (n=1 seed)
  platt     decay均值=+0.0096 sd=0.0000 (n=1 seed)
  isotonic  decay均值=+0.0122 sd=0.0000 (n=1 seed)
  vector    decay均值=+0.0198 sd=0.0000 (n=1 seed)
  matrix    decay均值=+0.0113 sd=0.0000 (n=1 seed)
  dirichlet decay均值=+0.0110 sd=0.0000 (n=1 seed)
  em_prior  decay均值=+0.0527 sd=0.0000 (n=1 seed)
  bbse_prior decay均值=+0.0743 sd=0.0000 (n=1 seed)
Aggregate -> checkpoints\transfer\cpsc_ptbxl\inceptiontime\aggregate.json
